Archive member included to satisfy reference by file (symbol)

C:/Users/JSE-Sendance/libraries/nRF5_SDK_15.3.0/external/nrf_cc310_bl/lib/cortex-m4/hard-float/libnrf_cc310_bl_0.9.12.a(nrf_cc310_bl_ecdsa_verify_secp256r1.c.obj)
                              _build/nrf52840_xxaa/cc310_bl_backend_ecdsa.c.o (nrf_cc310_bl_ecdsa_verify_secp256r1)
C:/Users/JSE-Sendance/libraries/nRF5_SDK_15.3.0/external/nrf_cc310_bl/lib/cortex-m4/hard-float/libnrf_cc310_bl_0.9.12.a(nrf_cc310_bl_hash_sha256.c.obj)
                              _build/nrf52840_xxaa/cc310_bl_backend_hash.c.o (nrf_cc310_bl_hash_sha256_init)
C:/Users/JSE-Sendance/libraries/nRF5_SDK_15.3.0/external/nrf_cc310_bl/lib/cortex-m4/hard-float/libnrf_cc310_bl_0.9.12.a(nrf_cc310_bl_init.c.obj)
                              _build/nrf52840_xxaa/cc310_bl_backend_init.c.o (nrf_cc310_bl_init)
C:/Users/JSE-Sendance/libraries/nRF5_SDK_15.3.0/external/nrf_cc310_bl/lib/cortex-m4/hard-float/libnrf_cc310_bl_0.9.12.a(pka.c.obj)
                              C:/Users/JSE-Sendance/libraries/nRF5_SDK_15.3.0/external/nrf_cc310_bl/lib/cortex-m4/hard-float/libnrf_cc310_bl_0.9.12.a(nrf_cc310_bl_ecdsa_verify_secp256r1.c.obj) (PkaInitAndMutexLock)
C:/Users/JSE-Sendance/libraries/nRF5_SDK_15.3.0/external/nrf_cc310_bl/lib/cortex-m4/hard-float/libnrf_cc310_bl_0.9.12.a(pka_ec_wrst_dsa_verify.c.obj)
                              C:/Users/JSE-Sendance/libraries/nRF5_SDK_15.3.0/external/nrf_cc310_bl/lib/cortex-m4/hard-float/libnrf_cc310_bl_0.9.12.a(nrf_cc310_bl_ecdsa_verify_secp256r1.c.obj) (PkaEcdsaVerify)
C:/Users/JSE-Sendance/libraries/nRF5_SDK_15.3.0/external/nrf_cc310_bl/lib/cortex-m4/hard-float/libnrf_cc310_bl_0.9.12.a(ssi_pal_mem.c.obj)
                              C:/Users/JSE-Sendance/libraries/nRF5_SDK_15.3.0/external/nrf_cc310_bl/lib/cortex-m4/hard-float/libnrf_cc310_bl_0.9.12.a(nrf_cc310_bl_hash_sha256.c.obj) (SaSi_PalMemCopy)
C:/Users/JSE-Sendance/libraries/nRF5_SDK_15.3.0/external/nrf_cc310_bl/lib/cortex-m4/hard-float/libnrf_cc310_bl_0.9.12.a(crys_common_conv_endian.c.obj)
                              C:/Users/JSE-Sendance/libraries/nRF5_SDK_15.3.0/external/nrf_cc310_bl/lib/cortex-m4/hard-float/libnrf_cc310_bl_0.9.12.a(nrf_cc310_bl_ecdsa_verify_secp256r1.c.obj) (CRYS_COMMON_ReverseMemcpy32)
C:/Users/JSE-Sendance/libraries/nRF5_SDK_15.3.0/external/nrf_cc310_bl/lib/cortex-m4/hard-float/libnrf_cc310_bl_0.9.12.a(nrf_cc310_bl_hash.c.obj)
                              C:/Users/JSE-Sendance/libraries/nRF5_SDK_15.3.0/external/nrf_cc310_bl/lib/cortex-m4/hard-float/libnrf_cc310_bl_0.9.12.a(nrf_cc310_bl_hash_sha256.c.obj) (nrf_cc310_bl_hash_update_internal)
C:/Users/JSE-Sendance/libraries/nRF5_SDK_15.3.0/external/nrf_cc310_bl/lib/cortex-m4/hard-float/libnrf_cc310_bl_0.9.12.a(pka_ec_wrst.c.obj)
                              C:/Users/JSE-Sendance/libraries/nRF5_SDK_15.3.0/external/nrf_cc310_bl/lib/cortex-m4/hard-float/libnrf_cc310_bl_0.9.12.a(pka_ec_wrst_dsa_verify.c.obj) (PkaSum2ScalarMullt)
C:/Users/JSE-Sendance/libraries/nRF5_SDK_15.3.0/external/nrf_cc310_bl/lib/cortex-m4/hard-float/libnrf_cc310_bl_0.9.12.a(ssi_hal.c.obj)
                              C:/Users/JSE-Sendance/libraries/nRF5_SDK_15.3.0/external/nrf_cc310_bl/lib/cortex-m4/hard-float/libnrf_cc310_bl_0.9.12.a(nrf_cc310_bl_hash.c.obj) (SaSi_HalClearInterruptBit)
c:/users/jse-sendance/libraries/arm_toolchain/7-2018-q2-update/bin/../lib/gcc/arm-none-eabi/7.3.1/../../../../arm-none-eabi/lib/thumb/v7e-m/fpv4-sp/hard\libc_nano.a(lib_a-exit.o)
                              c:/users/jse-sendance/libraries/arm_toolchain/7-2018-q2-update/bin/../lib/gcc/arm-none-eabi/7.3.1/../../../../arm-none-eabi/lib/thumb/v7e-m/fpv4-sp/hard/crt0.o (exit)
c:/users/jse-sendance/libraries/arm_toolchain/7-2018-q2-update/bin/../lib/gcc/arm-none-eabi/7.3.1/../../../../arm-none-eabi/lib/thumb/v7e-m/fpv4-sp/hard\libc_nano.a(lib_a-impure.o)
                              c:/users/jse-sendance/libraries/arm_toolchain/7-2018-q2-update/bin/../lib/gcc/arm-none-eabi/7.3.1/../../../../arm-none-eabi/lib/thumb/v7e-m/fpv4-sp/hard\libc_nano.a(lib_a-exit.o) (_global_impure_ptr)
c:/users/jse-sendance/libraries/arm_toolchain/7-2018-q2-update/bin/../lib/gcc/arm-none-eabi/7.3.1/../../../../arm-none-eabi/lib/thumb/v7e-m/fpv4-sp/hard\libc_nano.a(lib_a-init.o)
                              c:/users/jse-sendance/libraries/arm_toolchain/7-2018-q2-update/bin/../lib/gcc/arm-none-eabi/7.3.1/../../../../arm-none-eabi/lib/thumb/v7e-m/fpv4-sp/hard/crt0.o (__libc_init_array)
c:/users/jse-sendance/libraries/arm_toolchain/7-2018-q2-update/bin/../lib/gcc/arm-none-eabi/7.3.1/../../../../arm-none-eabi/lib/thumb/v7e-m/fpv4-sp/hard\libc_nano.a(lib_a-memcmp.o)
                              _build/nrf52840_xxaa/nrf_bootloader_fw_activation.c.o (memcmp)
c:/users/jse-sendance/libraries/arm_toolchain/7-2018-q2-update/bin/../lib/gcc/arm-none-eabi/7.3.1/../../../../arm-none-eabi/lib/thumb/v7e-m/fpv4-sp/hard\libc_nano.a(lib_a-memcpy-stub.o)
[...]
Memory Configuration

Name             Origin             Length             Attributes
FLASH            0x000e0000         0x0001e000         xr
RAM              0x20002a98         0x0003d568         xrw
//RAM            0x20008000         0x0003d568         xrw
uicr_bootloader_start_address 0x00000ff8         0x00000004         r
bootloader_settings_page 0x000ff000         0x00001000         r
uicr_mbr_params_page 0x00000ffc         0x00000004         r
mbr_params_page  0x000fe000         0x00001000         r
DBL_RESET        0x20002a90         0x00000004         xrw
//NOINIT         0x20007f80         0x00000080         xrw
*default*        0x00000000         0xffffffff

Linker script and memory map


.text           0x000e0000     0x694c
 *(.isr_vector)
 .isr_vector    0x000e0000      0x200 _build/nrf52840_xxaa/gcc_startup_nrf52840.S.o
                0x000e0000                __isr_vector
 *(.text*)
 .text          0x000e0200       0x40 c:/users/jse-sendance/libraries/arm_toolchain/7-2018-q2-update/bin/../lib/gcc/arm-none-eabi/7.3.1/thumb/v7e-m/fpv4-sp/hard/crtbegin.o
 .text          0x000e0240       0x74 c:/users/jse-sendance/libraries/arm_toolchain/7-2018-q2-update/bin/../lib/gcc/arm-none-eabi/7.3.1/../../../../arm-none-eabi/lib/thumb/v7e-m/fpv4-sp/hard/crt0.o
                0x000e0240                _start
                0x000e0240                _mainCRTStartup
 .text          0x000e02b4       0x3c _build/nrf52840_xxaa/gcc_startup_nrf52840.S.o
                0x000e02b4                Reset_Handler
                0x000e02dc                NMI_Handler
                0x000e02de                HardFault_Handler
                0x000e02e0                MemoryManagement_Handler
                0x000e02e2                BusFault_Handler
                0x000e02e4                UsageFault_Handler
                0x000e02e8                DebugMon_Handler
                0x000e02ea                PendSV_Handler
                0x000e02ec                SysTick_Handler
                0x000e02ee                POWER_CLOCK_IRQHandler
                0x000e02ee                RADIO_IRQHandler
                0x000e02ee                PDM_IRQHandler
                0x000e02ee                PWM1_IRQHandler
                0x000e02ee                QDEC_IRQHandler
                0x000e02ee                TIMER3_IRQHandler
                0x000e02ee                PWM3_IRQHandler
                0x000e02ee                FPU_IRQHandler
                0x000e02ee                USBD_IRQHandler
                0x000e02ee                SPIM0_SPIS0_TWIM0_TWIS0_SPI0_TWI0_IRQHandler
                0x000e02ee                TEMP_IRQHandler
                0x000e02ee                UARTE0_UART0_IRQHandler
                0x000e02ee                RTC0_IRQHandler
                0x000e02ee                I2S_IRQHandler
                0x000e02ee                SWI4_EGU4_IRQHandler
                0x000e02ee                TIMER0_IRQHandler
                0x000e02ee                GPIOTE_IRQHandler
                0x000e02ee                UARTE1_IRQHandler
                0x000e02ee                TIMER1_IRQHandler
                0x000e02ee                SPIM3_IRQHandler
                0x000e02ee                PWM2_IRQHandler
                0x000e02ee                ECB_IRQHandler
                0x000e02ee                SPIM1_SPIS1_TWIM1_TWIS1_SPI1_TWI1_IRQHandler
                0x000e02ee                Default_Handler
                0x000e02ee                SAADC_IRQHandler
                0x000e02ee                CCM_AAR_IRQHandler
                0x000e02ee                SWI5_EGU5_IRQHandler
                0x000e02ee                RNG_IRQHandler
                0x000e02ee                PWM0_IRQHandler
                0x000e02ee                SWI3_EGU3_IRQHandler
                0x000e02ee                SWI1_EGU1_IRQHandler
                0x000e02ee                SPIM2_SPIS2_SPI2_IRQHandler
                0x000e02ee                NFCT_IRQHandler
                0x000e02ee                TIMER4_IRQHandler
                0x000e02ee                MWU_IRQHandler
                0x000e02ee                TIMER2_IRQHandler
                0x000e02ee                QSPI_IRQHandler
                0x000e02ee                COMP_LPCOMP_IRQHandler
 .text.app_sched_init
                0x000e02f0       0x48 _build/nrf52840_xxaa/app_scheduler.c.o
                0x000e02f0                app_sched_init
 .text.app_sched_event_put
                0x000e0338       0xcc _build/nrf52840_xxaa/app_scheduler.c.o
                0x000e0338                app_sched_event_put
 .text.app_sched_execute
                0x000e0404       0x64 _build/nrf52840_xxaa/app_scheduler.c.o
                0x000e0404                app_sched_execute
 .text.app_util_critical_region_enter
                0x000e0468       0x48 _build/nrf52840_xxaa/app_util_platform.c.o
                0x000e0468                app_util_critical_region_enter
 .text.app_util_critical_region_exit
                0x000e04b0       0x2c _build/nrf52840_xxaa/app_util_platform.c.o
                0x000e04b0                app_util_critical_region_exit
 .text.crc32_compute
                0x000e04dc       0x38 _build/nrf52840_xxaa/crc32.c.o
                0x000e04dc                crc32_compute
 .text.nrf_atfifo_init
                0x000e0514       0x26 _build/nrf52840_xxaa/nrf_atfifo.c.o
                0x000e0514                nrf_atfifo_init
 .text.nrf_atfifo_clear
                0x000e053a       0x44 _build/nrf52840_xxaa/nrf_atfifo.c.o
                0x000e053a                nrf_atfifo_clear
 .text.nrf_atfifo_item_alloc
                0x000e057e       0x54 _build/nrf52840_xxaa/nrf_atfifo.c.o
                0x000e057e                nrf_atfifo_item_alloc
 .text.nrf_atfifo_item_put
                0x000e05d2       0x20 _build/nrf52840_xxaa/nrf_atfifo.c.o
                0x000e05d2                nrf_atfifo_item_put
 .text.nrf_atfifo_item_get
                0x000e05f2       0x56 _build/nrf52840_xxaa/nrf_atfifo.c.o
                0x000e05f2                nrf_atfifo_item_get
 .text.nrf_atfifo_item_free
                0x000e0648       0x20 _build/nrf52840_xxaa/nrf_atfifo.c.o
                0x000e0648                nrf_atfifo_item_free
 .text.nrf_atomic_u32_fetch_store
                0x000e0668       0x14 _build/nrf52840_xxaa/nrf_atomic.c.o
                0x000e0668                nrf_atomic_u32_fetch_store
 .text.nrf_atomic_u32_fetch_or
                0x000e067c       0x16 _build/nrf52840_xxaa/nrf_atomic.c.o
                0x000e067c                nrf_atomic_u32_fetch_or
 .text.nrf_atomic_u32_and
                0x000e0692       0x16 _build/nrf52840_xxaa/nrf_atomic.c.o
                0x000e0692                nrf_atomic_u32_and
 .text.nrf_atomic_flag_set_fetch
                0x000e06a8        0x6 _build/nrf52840_xxaa/nrf_atomic.c.o
                0x000e06a8                nrf_atomic_flag_set_fetch
 .text.nrf_atomic_flag_clear
                0x000e06ae        0x6 _build/nrf52840_xxaa/nrf_atomic.c.o
                0x000e06ae                nrf_atomic_flag_clear
 .text.nrf_balloc_init
                0x000e06b4       0x2e _build/nrf52840_xxaa/nrf_balloc.c.o
                0x000e06b4                nrf_balloc_init
 .text.nrf_balloc_alloc
                0x000e06e2       0x4a _build/nrf52840_xxaa/nrf_balloc.c.o
                0x000e06e2                nrf_balloc_alloc
 .text.nrf_balloc_free
                0x000e072c       0x32 _build/nrf52840_xxaa/nrf_balloc.c.o
                0x000e072c                nrf_balloc_free
 .text.nrf_fstorage_init
                0x000e075e        0x8 _build/nrf52840_xxaa/nrf_fstorage.c.o
                0x000e075e                nrf_fstorage_init
 .text.nrf_fstorage_write
                0x000e0766        0xe _build/nrf52840_xxaa/nrf_fstorage.c.o
                0x000e0766                nrf_fstorage_write
 .text.nrf_fstorage_erase
                0x000e0774        0xe _build/nrf52840_xxaa/nrf_fstorage.c.o
                0x000e0774                nrf_fstorage_erase
 *fill*         0x000e0782        0x2 
 .text.nrf_fstorage_is_busy
                0x000e0784       0x4c _build/nrf52840_xxaa/nrf_fstorage.c.o
                0x000e0784                nrf_fstorage_is_busy
 .text.init     0x000e07d0        0xc _build/nrf52840_xxaa/nrf_fstorage_nvmc.c.o
 .text.rmap     0x000e07dc        0x4 _build/nrf52840_xxaa/nrf_fstorage_nvmc.c.o
 .text.wmap     0x000e07e0        0x4 _build/nrf52840_xxaa/nrf_fstorage_nvmc.c.o
 .text.is_busy  0x000e07e4       0x10 _build/nrf52840_xxaa/nrf_fstorage_nvmc.c.o
 .text.uninit   0x000e07f4       0x10 _build/nrf52840_xxaa/nrf_fstorage_nvmc.c.o
 .text.read     0x000e0804        0xe _build/nrf52840_xxaa/nrf_fstorage_nvmc.c.o
 *fill*         0x000e0812        0x2 
 .text.erase    0x000e0814       0x5c _build/nrf52840_xxaa/nrf_fstorage_nvmc.c.o
 .text.write    0x000e0870       0x58 _build/nrf52840_xxaa/nrf_fstorage_nvmc.c.o
 .text.sd_flash_write
                0x000e08c8        0x4 _build/nrf52840_xxaa/nrf_fstorage_sd.c.o
 .text.sd_flash_page_erase
                0x000e08cc        0x4 _build/nrf52840_xxaa/nrf_fstorage_sd.c.o
 .text.event_send
                0x000e08d0       0x52 _build/nrf52840_xxaa/nrf_fstorage_sd.c.o
 .text.rmap     0x000e0922        0x4 _build/nrf52840_xxaa/nrf_fstorage_sd.c.o
 .text.wmap     0x000e0926        0x4 _build/nrf52840_xxaa/nrf_fstorage_sd.c.o
 *fill*         0x000e092a        0x2 
 .text.is_busy  0x000e092c       0x10 _build/nrf52840_xxaa/nrf_fstorage_sd.c.o
 .text.nrf_fstorage_sdh_req_handler
                0x000e093c       0x14 _build/nrf52840_xxaa/nrf_fstorage_sd.c.o
                0x000e093c                nrf_fstorage_sdh_req_handler
 .text.read     0x000e0950        0xe _build/nrf52840_xxaa/nrf_fstorage_sd.c.o
 *fill*         0x000e095e        0x2 
 .text.uninit   0x000e0960       0x20 _build/nrf52840_xxaa/nrf_fstorage_sd.c.o
 .text.init     0x000e0980       0x38 _build/nrf52840_xxaa/nrf_fstorage_sd.c.o
 .text.queue_process
                0x000e09b8       0xa0 _build/nrf52840_xxaa/nrf_fstorage_sd.c.o
 .text.nrf_fstorage_sys_evt_handler
                0x000e0a58       0xa4 _build/nrf52840_xxaa/nrf_fstorage_sd.c.o
                0x000e0a58                nrf_fstorage_sys_evt_handler
 .text.nrf_fstorage_sdh_state_handler
                0x000e0afc       0x20 _build/nrf52840_xxaa/nrf_fstorage_sd.c.o
                0x000e0afc                nrf_fstorage_sdh_state_handler
 .text.queue_start
                0x000e0b1c       0x20 _build/nrf52840_xxaa/nrf_fstorage_sd.c.o
 .text.erase    0x000e0b3c       0x4c _build/nrf52840_xxaa/nrf_fstorage_sd.c.o
 .text.write    0x000e0b88       0x50 _build/nrf52840_xxaa/nrf_fstorage_sd.c.o
 .text.nrf_section_iter_init
                0x000e0bd8       0x12 _build/nrf52840_xxaa/nrf_section_iter.c.o
                0x000e0bd8                nrf_section_iter_init
 .text.nrf_section_iter_next
                0x000e0bea       0x18 _build/nrf52840_xxaa/nrf_section_iter.c.o
                0x000e0bea                nrf_section_iter_next
 *fill*         0x000e0c02        0x2 
 .text.unlikely.NVIC_SystemReset
                0x000e0c04       0x24 _build/nrf52840_xxaa/system_nrf52840.c.o
 .text.errata_98
                0x000e0c28       0x20 _build/nrf52840_xxaa/system_nrf52840.c.o
 .text.SystemInit
                0x000e0c48      0x1e4 _build/nrf52840_xxaa/system_nrf52840.c.o
                0x000e0c48                SystemInit
 .text.nrf_crypto_backend_secp256r1_public_key_from_raw
                0x000e0e2c       0x1e _build/nrf52840_xxaa/cc310_bl_backend_ecc.c.o
                0x000e0e2c                nrf_crypto_backend_secp256r1_public_key_from_raw
 *fill*         0x000e0e4a        0x2 
 .text.nrf_crypto_backend_secp256r1_verify
                0x000e0e4c       0x74 _build/nrf52840_xxaa/cc310_bl_backend_ecdsa.c.o
                0x000e0e4c                nrf_crypto_backend_secp256r1_verify
 .text.hash_result_get
                0x000e0ec0       0x3c _build/nrf52840_xxaa/cc310_bl_backend_hash.c.o
 .text.cc310_bl_backend_hash_sha256_init
                0x000e0efc       0x10 _build/nrf52840_xxaa/cc310_bl_backend_hash.c.o
 .text.cc310_bl_backend_hash_sha256_finalize
                0x000e0f0c       0x5c _build/nrf52840_xxaa/cc310_bl_backend_hash.c.o
 .text.cc310_bl_backend_hash_sha256_update
                0x000e0f68       0x78 _build/nrf52840_xxaa/cc310_bl_backend_hash.c.o
 .text.cc310_bl_backend_uninit
                0x000e0fe0       0x10 _build/nrf52840_xxaa/cc310_bl_backend_init.c.o
 .text.cc310_bl_backend_init
                0x000e0ff0       0x34 _build/nrf52840_xxaa/cc310_bl_backend_init.c.o
 .text.cc310_bl_backend_enable
                0x000e1024       0x1c _build/nrf52840_xxaa/cc310_bl_backend_shared.c.o
                0x000e1024                cc310_bl_backend_enable
 .text.cc310_bl_backend_disable
                0x000e1040       0x1c _build/nrf52840_xxaa/cc310_bl_backend_shared.c.o
                0x000e1040                cc310_bl_backend_disable
 .text.bsp_board_led_state_get
                0x000e105c       0x28 _build/nrf52840_xxaa/boards.c.o
                0x000e105c                bsp_board_led_state_get
 .text.bsp_board_led_on
                0x000e1084       0x28 _build/nrf52840_xxaa/boards.c.o
                0x000e1084                bsp_board_led_on
 .text.bsp_board_led_off
                0x000e10ac       0x28 _build/nrf52840_xxaa/boards.c.o
                0x000e10ac                bsp_board_led_off
 .text.bsp_board_leds_off
                0x000e10d4       0x12 _build/nrf52840_xxaa/boards.c.o
                0x000e10d4                bsp_board_leds_off
 .text.bsp_board_leds_on
                0x000e10e6       0x12 _build/nrf52840_xxaa/boards.c.o
                0x000e10e6                bsp_board_leds_on
 .text.bsp_board_led_invert
                0x000e10f8       0x34 _build/nrf52840_xxaa/boards.c.o
                0x000e10f8                bsp_board_led_invert
 .text.bsp_board_pin_to_button_idx
                0x000e112c        0xa _build/nrf52840_xxaa/boards.c.o
                0x000e112c                bsp_board_pin_to_button_idx
 *fill*         0x000e1136        0x2 
 .text.bsp_board_init
                0x000e1138       0x2c _build/nrf52840_xxaa/boards.c.o
                0x000e1138                bsp_board_init
 .text.sd_softdevice_enable
                0x000e1164        0x4 _build/nrf52840_xxaa/nrf_sdh.c.o
 .text.sd_softdevice_disable
                0x000e1168        0x4 _build/nrf52840_xxaa/nrf_sdh.c.o
 .text.sdh_request_observer_notify
                0x000e116c       0x30 _build/nrf52840_xxaa/nrf_sdh.c.o
 .text.sdh_state_observer_notify
                0x000e119c       0x28 _build/nrf52840_xxaa/nrf_sdh.c.o
 .text.softdevice_evt_irq_disable
                0x000e11c4       0x24 _build/nrf52840_xxaa/nrf_sdh.c.o
 .text.softdevices_evt_irq_enable
                0x000e11e8       0x38 _build/nrf52840_xxaa/nrf_sdh.c.o
 .text.nrf_sdh_enable_request
                0x000e1220       0x78 _build/nrf52840_xxaa/nrf_sdh.c.o
                0x000e1220                nrf_sdh_enable_request
 .text.nrf_sdh_disable_request
                0x000e1298       0x60 _build/nrf52840_xxaa/nrf_sdh.c.o
                0x000e1298                nrf_sdh_disable_request
 .text.nrf_sdh_request_continue
                0x000e12f8       0x20 _build/nrf52840_xxaa/nrf_sdh.c.o
                0x000e12f8                nrf_sdh_request_continue
 .text.nrf_sdh_is_enabled
                0x000e1318        0xc _build/nrf52840_xxaa/nrf_sdh.c.o
                0x000e1318                nrf_sdh_is_enabled
 .text.nrf_sdh_evts_poll
                0x000e1324       0x28 _build/nrf52840_xxaa/nrf_sdh.c.o
                0x000e1324                nrf_sdh_evts_poll
 .text.SWI2_EGU2_IRQHandler
                0x000e134c        0x4 _build/nrf52840_xxaa/nrf_sdh.c.o
                0x000e134c                SWI2_EGU2_IRQHandler
 .text.sd_ble_enable
                0x000e1350        0x4 _build/nrf52840_xxaa/nrf_sdh_ble.c.o
 .text.sd_ble_cfg_set
                0x000e1354        0x4 _build/nrf52840_xxaa/nrf_sdh_ble.c.o
 .text.sd_ble_evt_get
                0x000e1358        0x4 _build/nrf52840_xxaa/nrf_sdh_ble.c.o
 .text.nrf_sdh_ble_evts_poll.part.1
                0x000e135c       0x4c _build/nrf52840_xxaa/nrf_sdh_ble.c.o
 .text.nrf_sdh_ble_evts_poll
                0x000e13a8       0x10 _build/nrf52840_xxaa/nrf_sdh_ble.c.o
 .text.nrf_sdh_ble_app_ram_start_get
                0x000e13b8       0x14 _build/nrf52840_xxaa/nrf_sdh_ble.c.o
                0x000e13b8                nrf_sdh_ble_app_ram_start_get
 .text.nrf_sdh_ble_default_cfg_set
                0x000e13cc       0xd4 _build/nrf52840_xxaa/nrf_sdh_ble.c.o
                0x000e13cc                nrf_sdh_ble_default_cfg_set
 .text.nrf_sdh_ble_enable
                0x000e14a0       0x14 _build/nrf52840_xxaa/nrf_sdh_ble.c.o
                0x000e14a0                nrf_sdh_ble_enable
 .text.sd_evt_get
                0x000e14b4        0x4 _build/nrf52840_xxaa/nrf_sdh_soc.c.o
 .text.nrf_sdh_soc_evts_poll
                0x000e14b8       0x3c _build/nrf52840_xxaa/nrf_sdh_soc.c.o
 .text.wait_for_flash_ready
                0x000e14f4       0x10 _build/nrf52840_xxaa/nrf_nvmc.c.o
 .text.nrf_nvmc_page_erase
                0x000e1504       0x30 _build/nrf52840_xxaa/nrf_nvmc.c.o
                0x000e1504                nrf_nvmc_page_erase
 .text.nrf_nvmc_write_words
                0x000e1534       0x40 _build/nrf52840_xxaa/nrf_nvmc.c.o
                0x000e1534                nrf_nvmc_write_words
 .text.nrf_crypto_internal_ecc_key_output_prepare
                0x000e1574       0x1a _build/nrf52840_xxaa/nrf_crypto_ecc.c.o
                0x000e1574                nrf_crypto_internal_ecc_key_output_prepare
 .text.nrf_crypto_internal_ecc_key_input_check
                0x000e158e       0x16 _build/nrf52840_xxaa/nrf_crypto_ecc.c.o
                0x000e158e                nrf_crypto_internal_ecc_key_input_check
 .text.nrf_crypto_internal_ecc_raw_input_check
                0x000e15a4       0x14 _build/nrf52840_xxaa/nrf_crypto_ecc.c.o
                0x000e15a4                nrf_crypto_internal_ecc_raw_input_check
 .text.nrf_crypto_ecc_public_key_from_raw
                0x000e15b8       0x38 _build/nrf52840_xxaa/nrf_crypto_ecc.c.o
                0x000e15b8                nrf_crypto_ecc_public_key_from_raw
 .text.nrf_crypto_ecdsa_verify
                0x000e15f0       0x58 _build/nrf52840_xxaa/nrf_crypto_ecdsa.c.o
                0x000e15f0                nrf_crypto_ecdsa_verify
 .text.nrf_crypto_hash_init
                0x000e1648       0x28 _build/nrf52840_xxaa/nrf_crypto_hash.c.o
                0x000e1648                nrf_crypto_hash_init
 .text.nrf_crypto_hash_update
                0x000e1670       0x34 _build/nrf52840_xxaa/nrf_crypto_hash.c.o
                0x000e1670                nrf_crypto_hash_update
 .text.nrf_crypto_hash_finalize
                0x000e16a4       0x3c _build/nrf52840_xxaa/nrf_crypto_hash.c.o
                0x000e16a4                nrf_crypto_hash_finalize
 .text.nrf_crypto_hash_calculate
                0x000e16e0       0x32 _build/nrf52840_xxaa/nrf_crypto_hash.c.o
                0x000e16e0                nrf_crypto_hash_calculate
 *fill*         0x000e1712        0x2 
 .text.nrf_crypto_init
                0x000e1714       0x38 _build/nrf52840_xxaa/nrf_crypto_init.c.o
                0x000e1714                nrf_crypto_init
 .text.nrf_crypto_internal_swap_endian_in_place
                0x000e174c       0x18 _build/nrf52840_xxaa/nrf_crypto_shared.c.o
                0x000e174c                nrf_crypto_internal_swap_endian_in_place
 .text.nrf_crypto_internal_swap_endian
                0x000e1764       0x16 _build/nrf52840_xxaa/nrf_crypto_shared.c.o
                0x000e1764                nrf_crypto_internal_swap_endian
 .text.nrf_crypto_internal_double_swap_endian
                0x000e177a       0x18 _build/nrf52840_xxaa/nrf_crypto_shared.c.o
                0x000e177a                nrf_crypto_internal_double_swap_endian
 .text.nrf_crypto_internal_double_swap_endian_in_place
                0x000e1792       0x16 _build/nrf52840_xxaa/nrf_crypto_shared.c.o
                0x000e1792                nrf_crypto_internal_double_swap_endian_in_place
 .text.nrf_dfu_set_adv_name_handler
                0x000e17a8       0x20 _build/nrf52840_xxaa/nrf_dfu_svci_handler.c.o
 .text.nrf_dfu_set_adv_name_on_sys_evt
                0x000e17c8       0x26 _build/nrf52840_xxaa/nrf_dfu_svci_handler.c.o
 .text.nrf_dfu_set_adv_name_on_call
                0x000e17ee       0x30 _build/nrf52840_xxaa/nrf_dfu_svci_handler.c.o
 *fill*         0x000e181e        0x2 
 .text.nrf_svc_handler_c
                0x000e1820       0x68 _build/nrf52840_xxaa/nrf_svc_handler.c.o
                0x000e1820                nrf_svc_handler_c
 .text.SVC_Handler
                0x000e1888       0x14 _build/nrf52840_xxaa/nrf_svc_handler.c.o
                0x000e1888                SVC_Handler
 .text.ble_srv_is_notification_enabled
                0x000e189c        0x8 _build/nrf52840_xxaa/ble_srv_common.c.o
                0x000e189c                ble_srv_is_notification_enabled
 .text.unlikely.sd_app_evt_wait
                0x000e18a4        0x4 _build/nrf52840_xxaa/nrf_bootloader.c.o
 .text.flash_write_callback
                0x000e18a8        0xc _build/nrf52840_xxaa/nrf_bootloader.c.o
 .text.do_reset
                0x000e18b4       0x24 _build/nrf52840_xxaa/nrf_bootloader.c.o
 .text.inactivity_timeout
                0x000e18d8       0x14 _build/nrf52840_xxaa/nrf_bootloader.c.o
 .text.dfu_observer
                0x000e18ec       0x4c _build/nrf52840_xxaa/nrf_bootloader.c.o
 .text.nrf_dfu_init_user
                0x000e1938        0x4 _build/nrf52840_xxaa/nrf_bootloader.c.o
                0x000e1938                nrf_dfu_init_user
 .text.nrf_bootloader_init
                0x000e193c      0x18c _build/nrf52840_xxaa/nrf_bootloader.c.o
                0x000e193c                nrf_bootloader_init
 .text.nrf_bootloader_app_start
                0x000e1ac8       0x24 _build/nrf52840_xxaa/nrf_bootloader_app_start.c.o
                0x000e1ac8                nrf_bootloader_app_start
 .text.nrf_bootloader_flash_protect
                0x000e1aec       0x78 _build/nrf52840_xxaa/nrf_bootloader_app_start_final.c.o
                0x000e1aec                nrf_bootloader_flash_protect
 .text.nrf_bootloader_app_start_final
                0x000e1b64       0x90 _build/nrf52840_xxaa/nrf_bootloader_app_start_final.c.o
                0x000e1b64                nrf_bootloader_app_start_final
 .text.timer_activate
                0x000e1bf4       0x68 _build/nrf52840_xxaa/nrf_bootloader_dfu_timers.c.o
 .text.timer_init
                0x000e1c5c       0x84 _build/nrf52840_xxaa/nrf_bootloader_dfu_timers.c.o
 .text.RTC2_IRQHandler
                0x000e1ce0       0xbc _build/nrf52840_xxaa/nrf_bootloader_dfu_timers.c.o
                0x000e1ce0                RTC2_IRQHandler
 .text.nrf_bootloader_dfu_inactivity_timer_restart
                0x000e1d9c       0x38 _build/nrf52840_xxaa/nrf_bootloader_dfu_timers.c.o
                0x000e1d9c                nrf_bootloader_dfu_inactivity_timer_restart
 .text.nrf_bootloader_wdt_feed_timer_start
                0x000e1dd4       0x24 _build/nrf52840_xxaa/nrf_bootloader_dfu_timers.c.o
                0x000e1dd4                nrf_bootloader_wdt_feed_timer_start
 .text.flash_write_callback
                0x000e1df8        0xc _build/nrf52840_xxaa/nrf_bootloader_fw_activation.c.o
 .text.bl_activate
                0x000e1e04       0x48 _build/nrf52840_xxaa/nrf_bootloader_fw_activation.c.o
 .text.image_copy.part.0.constprop.3
                0x000e1e4c       0x88 _build/nrf52840_xxaa/nrf_bootloader_fw_activation.c.o
 .text.sd_activate
                0x000e1ed4       0x60 _build/nrf52840_xxaa/nrf_bootloader_fw_activation.c.o
 .text.nrf_bootloader_fw_activate
                0x000e1f34       0xac _build/nrf52840_xxaa/nrf_bootloader_fw_activation.c.o
                0x000e1f34                nrf_bootloader_fw_activate
 .text.wdt_feed
                0x000e1fe0       0x34 _build/nrf52840_xxaa/nrf_bootloader_wdt.c.o
 .text.wdt_feed_timer_handler
                0x000e2014        0x4 _build/nrf52840_xxaa/nrf_bootloader_wdt.c.o
 .text.WDT_IRQHandler
                0x000e2018       0x18 _build/nrf52840_xxaa/nrf_bootloader_wdt.c.o
                0x000e2018                WDT_IRQHandler
 .text.nrf_bootloader_wdt_init
                0x000e2030       0x4c _build/nrf52840_xxaa/nrf_bootloader_wdt.c.o
                0x000e2030                nrf_bootloader_wdt_init
 .text.nrf_bootloader_wdt_feed
                0x000e207c       0x14 _build/nrf52840_xxaa/nrf_bootloader_wdt.c.o
                0x000e207c                nrf_bootloader_wdt_feed
 .text.pb_field_iter_begin
                0x000e2090       0x22 _build/nrf52840_xxaa/pb_common.c.o
                0x000e2090                pb_field_iter_begin
 .text.pb_field_iter_next
                0x000e20b2       0x84 _build/nrf52840_xxaa/pb_common.c.o
                0x000e20b2                pb_field_iter_next
 .text.pb_field_iter_find
                0x000e2136       0x2e _build/nrf52840_xxaa/pb_common.c.o
                0x000e2136                pb_field_iter_find
 .text.buf_read
                0x000e2164       0x1c _build/nrf52840_xxaa/pb_decode.c.o
 .text.pb_readbyte
                0x000e2180       0x1e _build/nrf52840_xxaa/pb_decode.c.o
 .text.pb_decode_varint32
                0x000e219e       0x58 _build/nrf52840_xxaa/pb_decode.c.o
 .text.pb_field_set_to_default
                0x000e21f6       0xaa _build/nrf52840_xxaa/pb_decode.c.o
 .text.pb_message_set_to_defaults
                0x000e22a0       0x22 _build/nrf52840_xxaa/pb_decode.c.o
 *fill*         0x000e22c2        0x2 
 .text.pb_read  0x000e22c4       0x58 _build/nrf52840_xxaa/pb_decode.c.o
                0x000e22c4                pb_read
 .text.pb_dec_string
                0x000e231c       0x40 _build/nrf52840_xxaa/pb_decode.c.o
 .text.pb_dec_bytes
                0x000e235c       0x44 _build/nrf52840_xxaa/pb_decode.c.o
 .text.pb_istream_from_buffer
                0x000e23a0       0x14 _build/nrf52840_xxaa/pb_decode.c.o
                0x000e23a0                pb_istream_from_buffer
 .text.pb_decode_varint
                0x000e23b4       0x6e _build/nrf52840_xxaa/pb_decode.c.o
                0x000e23b4                pb_decode_varint
 .text.pb_dec_uvarint
                0x000e2422       0x5e _build/nrf52840_xxaa/pb_decode.c.o
 .text.pb_dec_varint
                0x000e2480       0x5a _build/nrf52840_xxaa/pb_decode.c.o
 .text.pb_decode_tag
                0x000e24da       0x3a _build/nrf52840_xxaa/pb_decode.c.o
                0x000e24da                pb_decode_tag
 .text.pb_skip_field
                0x000e2514       0x4c _build/nrf52840_xxaa/pb_decode.c.o
                0x000e2514                pb_skip_field
 .text.pb_make_string_substream
                0x000e2560       0x30 _build/nrf52840_xxaa/pb_decode.c.o
                0x000e2560                pb_make_string_substream
 .text.decode_field
                0x000e2590      0x1a4 _build/nrf52840_xxaa/pb_decode.c.o
 .text.pb_decode_noinit
                0x000e2734      0x1ae _build/nrf52840_xxaa/pb_decode.c.o
                0x000e2734                pb_decode_noinit
 .text.pb_decode
                0x000e28e2       0x1e _build/nrf52840_xxaa/pb_decode.c.o
                0x000e28e2                pb_decode
 .text.pb_dec_submessage
                0x000e2900       0x3a _build/nrf52840_xxaa/pb_decode.c.o
 .text.pb_decode_svarint
                0x000e293a       0x3e _build/nrf52840_xxaa/pb_decode.c.o
                0x000e293a                pb_decode_svarint
 .text.pb_dec_svarint
                0x000e2978       0x5a _build/nrf52840_xxaa/pb_decode.c.o
 .text.pb_decode_fixed32
                0x000e29d2       0x18 _build/nrf52840_xxaa/pb_decode.c.o
                0x000e29d2                pb_decode_fixed32
 .text.pb_dec_fixed32
                0x000e29ea        0x6 _build/nrf52840_xxaa/pb_decode.c.o
 .text.pb_decode_fixed64
                0x000e29f0       0x1a _build/nrf52840_xxaa/pb_decode.c.o
                0x000e29f0                pb_decode_fixed64
 .text.pb_dec_fixed64
                0x000e2a0a        0x6 _build/nrf52840_xxaa/pb_decode.c.o
 .text.dfu_observer
                0x000e2a10       0x24 _build/nrf52840_xxaa/nrf_dfu.c.o
 .text.nrf_dfu_init
                0x000e2a34       0x28 _build/nrf52840_xxaa/nrf_dfu.c.o
                0x000e2a34                nrf_dfu_init
 .text.sd_ble_gap_addr_set
                0x000e2a5c        0x4 _build/nrf52840_xxaa/nrf_dfu_ble.c.o
 .text.sd_ble_gap_addr_get
                0x000e2a60        0x4 _build/nrf52840_xxaa/nrf_dfu_ble.c.o
 .text.sd_ble_gap_adv_set_configure
                0x000e2a64        0x4 _build/nrf52840_xxaa/nrf_dfu_ble.c.o
 .text.sd_ble_gap_adv_start
                0x000e2a68        0x4 _build/nrf52840_xxaa/nrf_dfu_ble.c.o
 .text.sd_ble_gap_adv_stop
                0x000e2a6c        0x4 _build/nrf52840_xxaa/nrf_dfu_ble.c.o
 .text.sd_ble_gap_conn_param_update
                0x000e2a70        0x4 _build/nrf52840_xxaa/nrf_dfu_ble.c.o
 .text.sd_ble_gap_disconnect
                0x000e2a74        0x4 _build/nrf52840_xxaa/nrf_dfu_ble.c.o
 .text.sd_ble_gap_ppcp_set
                0x000e2a78        0x4 _build/nrf52840_xxaa/nrf_dfu_ble.c.o
 .text.sd_ble_gap_device_name_set
                0x000e2a7c        0x4 _build/nrf52840_xxaa/nrf_dfu_ble.c.o
 .text.sd_ble_gap_device_name_get
                0x000e2a80        0x4 _build/nrf52840_xxaa/nrf_dfu_ble.c.o
 .text.sd_ble_gap_sec_params_reply
                0x000e2a84        0x4 _build/nrf52840_xxaa/nrf_dfu_ble.c.o
 .text.sd_ble_gap_sec_info_reply
                0x000e2a88        0x4 _build/nrf52840_xxaa/nrf_dfu_ble.c.o
 .text.sd_ble_gap_phy_update
                0x000e2a8c        0x4 _build/nrf52840_xxaa/nrf_dfu_ble.c.o
 .text.sd_ble_gap_data_length_update
                0x000e2a90        0x4 _build/nrf52840_xxaa/nrf_dfu_ble.c.o
 .text.sd_ble_gatts_service_add
                0x000e2a94        0x4 _build/nrf52840_xxaa/nrf_dfu_ble.c.o
 .text.sd_ble_gatts_characteristic_add
                0x000e2a98        0x4 _build/nrf52840_xxaa/nrf_dfu_ble.c.o
 .text.sd_ble_gatts_value_get
                0x000e2a9c        0x4 _build/nrf52840_xxaa/nrf_dfu_ble.c.o
 .text.sd_ble_gatts_hvx
                0x000e2aa0        0x4 _build/nrf52840_xxaa/nrf_dfu_ble.c.o
 .text.sd_ble_gatts_rw_authorize_reply
                0x000e2aa4        0x4 _build/nrf52840_xxaa/nrf_dfu_ble.c.o
 .text.sd_ble_gatts_sys_attr_set
                0x000e2aa8        0x4 _build/nrf52840_xxaa/nrf_dfu_ble.c.o
 .text.sd_ble_gatts_exchange_mtu_reply
                0x000e2aac        0x4 _build/nrf52840_xxaa/nrf_dfu_ble.c.o
 .text.sd_ble_uuid_vs_add
                0x000e2ab0        0x4 _build/nrf52840_xxaa/nrf_dfu_ble.c.o
 .text.sd_ble_user_mem_reply
                0x000e2ab4        0x4 _build/nrf52840_xxaa/nrf_dfu_ble.c.o
 .text.sd_softdevice_vector_table_base_set
                0x000e2ab8        0x4 _build/nrf52840_xxaa/nrf_dfu_ble.c.o
 .text.response_send
                0x000e2abc       0x40 _build/nrf52840_xxaa/nrf_dfu_ble.c.o
 .text.on_flash_write
                0x000e2afc        0xc _build/nrf52840_xxaa/nrf_dfu_ble.c.o
 .text.advertising_start
                0x000e2b08       0x9c _build/nrf52840_xxaa/nrf_dfu_ble.c.o
 .text.ble_evt_handler
                0x000e2ba4      0x2e8 _build/nrf52840_xxaa/nrf_dfu_ble.c.o
 .text.ble_dfu_transport_close
                0x000e2e8c       0x68 _build/nrf52840_xxaa/nrf_dfu_ble.c.o
                0x000e2e8c                ble_dfu_transport_close
 .text.ble_dfu_req_handler_callback
                0x000e2ef4       0xfc _build/nrf52840_xxaa/nrf_dfu_ble.c.o
 .text.ble_dfu_init
                0x000e2ff0      0x148 _build/nrf52840_xxaa/nrf_dfu_ble.c.o
                0x000e2ff0                ble_dfu_init
 .text.ble_dfu_transport_init
                0x000e3138       0xf0 _build/nrf52840_xxaa/nrf_dfu_ble.c.o
                0x000e3138                ble_dfu_transport_init
 .text.dfu_fstorage_evt_handler
                0x000e3228        0xa _build/nrf52840_xxaa/nrf_dfu_flash.c.o
                0x000e3228                dfu_fstorage_evt_handler
 *fill*         0x000e3232        0x2 
 .text.nrf_dfu_flash_init
                0x000e3234       0x20 _build/nrf52840_xxaa/nrf_dfu_flash.c.o
                0x000e3234                nrf_dfu_flash_init
 .text.nrf_dfu_flash_store
                0x000e3254       0x1c _build/nrf52840_xxaa/nrf_dfu_flash.c.o
                0x000e3254                nrf_dfu_flash_store
 .text.nrf_dfu_flash_erase
                0x000e3270       0x10 _build/nrf52840_xxaa/nrf_dfu_flash.c.o
                0x000e3270                nrf_dfu_flash_erase
 .text.ext_error_set
                0x000e3280        0xc _build/nrf52840_xxaa/nrf_dfu_handling_error.c.o
                0x000e3280                ext_error_set
 .text.ext_error_get
                0x000e328c       0x10 _build/nrf52840_xxaa/nrf_dfu_handling_error.c.o
                0x000e328c                ext_error_get
 .text.sd_mbr_command
                0x000e329c        0x4 _build/nrf52840_xxaa/nrf_dfu_mbr.c.o
 .text.nrf_dfu_mbr_copy_bl
                0x000e32a0       0x22 _build/nrf52840_xxaa/nrf_dfu_mbr.c.o
                0x000e32a0                nrf_dfu_mbr_copy_bl
 .text.nrf_dfu_mbr_init_sd
                0x000e32c2       0x1c _build/nrf52840_xxaa/nrf_dfu_mbr.c.o
                0x000e32c2                nrf_dfu_mbr_init_sd
 .text.nrf_dfu_mbr_irq_forward_address_set
                0x000e32de        0xe _build/nrf52840_xxaa/nrf_dfu_mbr.c.o
                0x000e32de                nrf_dfu_mbr_irq_forward_address_set
 .text.on_dfu_complete
                0x000e32ec        0xc _build/nrf52840_xxaa/nrf_dfu_req_handler.c.o
 .text.ext_err_code_handle
                0x000e32f8        0xe _build/nrf52840_xxaa/nrf_dfu_req_handler.c.o
 *fill*         0x000e3306        0x2 
 .text.on_data_obj_execute_request_sched
                0x000e3308       0x80 _build/nrf52840_xxaa/nrf_dfu_req_handler.c.o
 .text.nrf_dfu_req_handler_req
                0x000e3388      0x264 _build/nrf52840_xxaa/nrf_dfu_req_handler.c.o
 .text.nrf_dfu_req_handler_on_req
                0x000e35ec       0x14 _build/nrf52840_xxaa/nrf_dfu_req_handler.c.o
                0x000e35ec                nrf_dfu_req_handler_on_req
 .text.nrf_dfu_req_handler_init
                0x000e3600       0x48 _build/nrf52840_xxaa/nrf_dfu_req_handler.c.o
                0x000e3600                nrf_dfu_req_handler_init
 .text.settings_write
                0x000e3648       0x50 _build/nrf52840_xxaa/nrf_dfu_settings.c.o
 .text.nrf_dfu_settings_write
                0x000e3698       0x44 _build/nrf52840_xxaa/nrf_dfu_settings.c.o
                0x000e3698                nrf_dfu_settings_write
 .text.settings_backup
                0x000e36dc       0x14 _build/nrf52840_xxaa/nrf_dfu_settings.c.o
                0x000e36dc                settings_backup
 .text.nrf_dfu_settings_backup
                0x000e36f0        0xc _build/nrf52840_xxaa/nrf_dfu_settings.c.o
                0x000e36f0                nrf_dfu_settings_backup
 .text.nrf_dfu_settings_write_and_backup
                0x000e36fc       0x20 _build/nrf52840_xxaa/nrf_dfu_settings.c.o
                0x000e36fc                nrf_dfu_settings_write_and_backup
 .text.nrf_dfu_settings_init
                0x000e371c      0x13c _build/nrf52840_xxaa/nrf_dfu_settings.c.o
                0x000e371c                nrf_dfu_settings_init
 .text.sd_flash_write
                0x000e3858        0x4 _build/nrf52840_xxaa/nrf_dfu_settings_svci.c.o
 .text.nrf_dfu_settings_adv_name_write
                0x000e385c       0x38 _build/nrf52840_xxaa/nrf_dfu_settings_svci.c.o
                0x000e385c                nrf_dfu_settings_adv_name_write
 .text.nrf_dfu_settings_adv_name_copy
                0x000e3894       0x18 _build/nrf52840_xxaa/nrf_dfu_settings_svci.c.o
                0x000e3894                nrf_dfu_settings_adv_name_copy
 .text.nrf_dfu_settings_adv_name_is_valid
                0x000e38ac       0x20 _build/nrf52840_xxaa/nrf_dfu_settings_svci.c.o
                0x000e38ac                nrf_dfu_settings_adv_name_is_valid
 .text.nrf_dfu_settings_additional_erase
                0x000e38cc       0x30 _build/nrf52840_xxaa/nrf_dfu_settings_svci.c.o
                0x000e38cc                nrf_dfu_settings_additional_erase
 .text.nrf_dfu_transports_init
                0x000e38fc       0x30 _build/nrf52840_xxaa/nrf_dfu_transport.c.o
                0x000e38fc                nrf_dfu_transports_init
 .text.nrf_dfu_transports_close
                0x000e392c       0x30 _build/nrf52840_xxaa/nrf_dfu_transport.c.o
                0x000e392c                nrf_dfu_transports_close
 .text.nrf_dfu_bank_invalidate
                0x000e395c       0x18 _build/nrf52840_xxaa/nrf_dfu_utils.c.o
                0x000e395c                nrf_dfu_bank_invalidate
 .text.nrf_dfu_bank0_start_addr
                0x000e3974       0x2c _build/nrf52840_xxaa/nrf_dfu_utils.c.o
                0x000e3974                nrf_dfu_bank0_start_addr
 .text.nrf_dfu_bank1_start_addr
                0x000e39a0       0x20 _build/nrf52840_xxaa/nrf_dfu_utils.c.o
                0x000e39a0                nrf_dfu_bank1_start_addr
 .text.nrf_dfu_softdevice_start_address
                0x000e39c0        0x6 _build/nrf52840_xxaa/nrf_dfu_utils.c.o
                0x000e39c0                nrf_dfu_softdevice_start_address
 *fill*         0x000e39c6        0x2 
 .text.nrf_dfu_cache_prepare
                0x000e39c8       0x98 _build/nrf52840_xxaa/nrf_dfu_utils.c.o
                0x000e39c8                nrf_dfu_cache_prepare
 .text.update_data_size_get
                0x000e3a60       0x50 _build/nrf52840_xxaa/nrf_dfu_validation.c.o
 .text.dfu_progress_reset
                0x000e3ab0       0x28 _build/nrf52840_xxaa/nrf_dfu_validation.c.o
 .text.pb_decoding_callback
                0x000e3ad8       0x4c _build/nrf52840_xxaa/nrf_dfu_validation.c.o
 .text.is_major_softdevice_update
                0x000e3b24       0x74 _build/nrf52840_xxaa/nrf_dfu_validation.c.o
 .text.stored_init_cmd_decode
                0x000e3b98       0xec _build/nrf52840_xxaa/nrf_dfu_validation.c.o
 .text.crypto_init.part.6
                0x000e3c84       0x3c _build/nrf52840_xxaa/nrf_dfu_validation.c.o
 .text.nrf_dfu_validation_signature_check
                0x000e3cc0       0xa4 _build/nrf52840_xxaa/nrf_dfu_validation.c.o
 .text.nrf_dfu_validation_hash_ok
                0x000e3d64       0x6c _build/nrf52840_xxaa/nrf_dfu_validation.c.o
 .text.nrf_dfu_validation_init
                0x000e3dd0       0x24 _build/nrf52840_xxaa/nrf_dfu_validation.c.o
                0x000e3dd0                nrf_dfu_validation_init
 .text.nrf_dfu_validation_init_cmd_create
                0x000e3df4       0x30 _build/nrf52840_xxaa/nrf_dfu_validation.c.o
                0x000e3df4                nrf_dfu_validation_init_cmd_create
 .text.nrf_dfu_validation_init_cmd_append
                0x000e3e24       0x40 _build/nrf52840_xxaa/nrf_dfu_validation.c.o
                0x000e3e24                nrf_dfu_validation_init_cmd_append
 .text.nrf_dfu_validation_init_cmd_present
                0x000e3e64        0xc _build/nrf52840_xxaa/nrf_dfu_validation.c.o
                0x000e3e64                nrf_dfu_validation_init_cmd_present
 .text.nrf_dfu_validation_prevalidate
                0x000e3e70       0x50 _build/nrf52840_xxaa/nrf_dfu_validation.c.o
                0x000e3e70                nrf_dfu_validation_prevalidate
 .text.nrf_dfu_validation_init_cmd_execute
                0x000e3ec0       0x90 _build/nrf52840_xxaa/nrf_dfu_validation.c.o
                0x000e3ec0                nrf_dfu_validation_init_cmd_execute
 .text.fw_hash_ok
                0x000e3f50        0x8 _build/nrf52840_xxaa/nrf_dfu_validation.c.o
                0x000e3f50                fw_hash_ok
 .text.nrf_dfu_validation_boot_validate
                0x000e3f58       0x58 _build/nrf52840_xxaa/nrf_dfu_validation.c.o
                0x000e3f58                nrf_dfu_validation_boot_validate
 .text.boot_validation_extract.constprop.9
                0x000e3fb0       0x90 _build/nrf52840_xxaa/nrf_dfu_validation.c.o
 .text.postvalidate
                0x000e4040      0x1a8 _build/nrf52840_xxaa/nrf_dfu_validation.c.o
                0x000e4040                postvalidate
 .text.nrf_dfu_validation_activation_prepare
                0x000e41e8        0x6 _build/nrf52840_xxaa/nrf_dfu_validation.c.o
                0x000e41e8                nrf_dfu_validation_activation_prepare
 *fill*         0x000e41ee        0x2 
 .text.nrf_dfu_ver_validation_check
                0x000e41f0       0xc0 _build/nrf52840_xxaa/nrf_dfu_ver_validation.c.o
                0x000e41f0                nrf_dfu_ver_validation_check
 .text.alert_timer_handler
                0x000e42b0        0x6 _build/nrf52840_xxaa/bsp.c.o
 *fill*         0x000e42b6        0x2 
 .text.leds_off
                0x000e42b8       0x24 _build/nrf52840_xxaa/bsp.c.o
 .text.bsp_led_indication
                0x000e42dc      0x204 _build/nrf52840_xxaa/bsp.c.o
 .text.leds_timer_handler
                0x000e44e0       0x1c _build/nrf52840_xxaa/bsp.c.o
 .text.bsp_button_event_handler
                0x000e44fc       0x80 _build/nrf52840_xxaa/bsp.c.o
 .text.button_timer_handler
                0x000e457c        0x8 _build/nrf52840_xxaa/bsp.c.o
 .text.bsp_indication_set
                0x000e4584       0x18 _build/nrf52840_xxaa/bsp.c.o
                0x000e4584                bsp_indication_set
 .text.bsp_init
                0x000e459c       0x90 _build/nrf52840_xxaa/bsp.c.o
                0x000e459c                bsp_init
 .text.user_op_alloc
                0x000e462c       0x2c _build/nrf52840_xxaa/app_timer.c.o
 .text.timer_stop_op_schedule
                0x000e4658       0x50 _build/nrf52840_xxaa/app_timer.c.o
 .text.nrfx_coredep_delay_us.constprop.3
                0x000e46a8       0x10 _build/nrf52840_xxaa/app_timer.c.o
 .text.rtc1_stop
                0x000e46b8       0x44 _build/nrf52840_xxaa/app_timer.c.o
 .text.RTC1_IRQHandler
                0x000e46fc       0x9c _build/nrf52840_xxaa/app_timer.c.o
                0x000e46fc                RTC1_IRQHandler
 .text.SWI0_EGU0_IRQHandler
                0x000e4798      0x2ac _build/nrf52840_xxaa/app_timer.c.o
                0x000e4798                SWI0_EGU0_IRQHandler
 .text.app_timer_init
                0x000e4a44       0x60 _build/nrf52840_xxaa/app_timer.c.o
                0x000e4a44                app_timer_init
 .text.app_timer_create
                0x000e4aa4       0x24 _build/nrf52840_xxaa/app_timer.c.o
                0x000e4aa4                app_timer_create
 .text.app_timer_start
                0x000e4ac8       0x88 _build/nrf52840_xxaa/app_timer.c.o
                0x000e4ac8                app_timer_start
 .text.app_timer_stop
                0x000e4b50       0x20 _build/nrf52840_xxaa/app_timer.c.o
                0x000e4b50                app_timer_stop
 .text.dfu_observer
                0x000e4b70       0x24 _build/nrf52840_xxaa/main.c.o
 .text.on_error
                0x000e4b94       0x1c _build/nrf52840_xxaa/main.c.o
 .text.app_error_fault_handler
                0x000e4bb0        0x4 _build/nrf52840_xxaa/main.c.o
                0x000e4bb0                app_error_fault_handler
 .text.app_error_handler_bare
                0x000e4bb4        0x4 _build/nrf52840_xxaa/main.c.o
                0x000e4bb4                app_error_handler_bare
 .text.startup.main
                0x000e4bb8       0xc4 _build/nrf52840_xxaa/main.c.o
                0x000e4bb8                main
 .text.verify_context_ecdsa_verify_secp256r1
                0x000e4c7c       0x20 C:/Users/JSE-Sendance/libraries/nRF5_SDK_15.3.0/external/nrf_cc310_bl/lib/cortex-m4/hard-float/libnrf_cc310_bl_0.9.12.a(nrf_cc310_bl_ecdsa_verify_secp256r1.c.obj)
 .text.nrf_cc310_bl_ecdsa_verify_init_secp256r1
                0x000e4c9c       0x4c C:/Users/JSE-Sendance/libraries/nRF5_SDK_15.3.0/external/nrf_cc310_bl/lib/cortex-m4/hard-float/libnrf_cc310_bl_0.9.12.a(nrf_cc310_bl_ecdsa_verify_secp256r1.c.obj)
                0x000e4c9c                nrf_cc310_bl_ecdsa_verify_init_secp256r1
 .text.nrf_cc310_bl_ecdsa_verify_hash_secp256r1
                0x000e4ce8      0x168 C:/Users/JSE-Sendance/libraries/nRF5_SDK_15.3.0/external/nrf_cc310_bl/lib/cortex-m4/hard-float/libnrf_cc310_bl_0.9.12.a(nrf_cc310_bl_ecdsa_verify_secp256r1.c.obj)
                0x000e4ce8                nrf_cc310_bl_ecdsa_verify_hash_secp256r1
 .text.nrf_cc310_bl_ecdsa_verify_secp256r1
                0x000e4e50       0x26 C:/Users/JSE-Sendance/libraries/nRF5_SDK_15.3.0/external/nrf_cc310_bl/lib/cortex-m4/hard-float/libnrf_cc310_bl_0.9.12.a(nrf_cc310_bl_ecdsa_verify_secp256r1.c.obj)
                0x000e4e50                nrf_cc310_bl_ecdsa_verify_secp256r1
 *fill*         0x000e4e76        0x2 
 .text.set_digest_in_hw_sha256
                0x000e4e78       0x38 C:/Users/JSE-Sendance/libraries/nRF5_SDK_15.3.0/external/nrf_cc310_bl/lib/cortex-m4/hard-float/libnrf_cc310_bl_0.9.12.a(nrf_cc310_bl_hash_sha256.c.obj)
 .text.read_digest_in_hw_sha256
                0x000e4eb0       0x54 C:/Users/JSE-Sendance/libraries/nRF5_SDK_15.3.0/external/nrf_cc310_bl/lib/cortex-m4/hard-float/libnrf_cc310_bl_0.9.12.a(nrf_cc310_bl_hash_sha256.c.obj)
 .text.verify_context_hash_sha256
                0x000e4f04       0x20 C:/Users/JSE-Sendance/libraries/nRF5_SDK_15.3.0/external/nrf_cc310_bl/lib/cortex-m4/hard-float/libnrf_cc310_bl_0.9.12.a(nrf_cc310_bl_hash_sha256.c.obj)
 .text.nrf_cc310_bl_hash_sha256_init
                0x000e4f24       0x34 C:/Users/JSE-Sendance/libraries/nRF5_SDK_15.3.0/external/nrf_cc310_bl/lib/cortex-m4/hard-float/libnrf_cc310_bl_0.9.12.a(nrf_cc310_bl_hash_sha256.c.obj)
                0x000e4f24                nrf_cc310_bl_hash_sha256_init
 .text.nrf_cc310_bl_hash_sha256_update
                0x000e4f58       0xb0 C:/Users/JSE-Sendance/libraries/nRF5_SDK_15.3.0/external/nrf_cc310_bl/lib/cortex-m4/hard-float/libnrf_cc310_bl_0.9.12.a(nrf_cc310_bl_hash_sha256.c.obj)
                0x000e4f58                nrf_cc310_bl_hash_sha256_update
 .text.nrf_cc310_bl_hash_sha256_finalize
                0x000e5008       0x60 C:/Users/JSE-Sendance/libraries/nRF5_SDK_15.3.0/external/nrf_cc310_bl/lib/cortex-m4/hard-float/libnrf_cc310_bl_0.9.12.a(nrf_cc310_bl_hash_sha256.c.obj)
                0x000e5008                nrf_cc310_bl_hash_sha256_finalize
 .text.nrf_cc310_bl_init
                0x000e5068       0x34 C:/Users/JSE-Sendance/libraries/nRF5_SDK_15.3.0/external/nrf_cc310_bl/lib/cortex-m4/hard-float/libnrf_cc310_bl_0.9.12.a(nrf_cc310_bl_init.c.obj)
                0x000e5068                nrf_cc310_bl_init
 .text.PkaSetRegsMapTab
                0x000e509c       0x48 C:/Users/JSE-Sendance/libraries/nRF5_SDK_15.3.0/external/nrf_cc310_bl/lib/cortex-m4/hard-float/libnrf_cc310_bl_0.9.12.a(pka.c.obj)
                0x000e509c                PkaSetRegsMapTab
 .text.PkaGetRegEffectiveSizeInBits
                0x000e50e4       0x8c C:/Users/JSE-Sendance/libraries/nRF5_SDK_15.3.0/external/nrf_cc310_bl/lib/cortex-m4/hard-float/libnrf_cc310_bl_0.9.12.a(pka.c.obj)
                0x000e50e4                PkaGetRegEffectiveSizeInBits
 .text.PkaGetNextMsBit
                0x000e5170       0x74 C:/Users/JSE-Sendance/libraries/nRF5_SDK_15.3.0/external/nrf_cc310_bl/lib/cortex-m4/hard-float/libnrf_cc310_bl_0.9.12.a(pka.c.obj)
                0x000e5170                PkaGetNextMsBit
 .text.PkaSetRegsSizesTab
                0x000e51e4       0x3c C:/Users/JSE-Sendance/libraries/nRF5_SDK_15.3.0/external/nrf_cc310_bl/lib/cortex-m4/hard-float/libnrf_cc310_bl_0.9.12.a(pka.c.obj)
                0x000e51e4                PkaSetRegsSizesTab
 .text.PkaInitPka
                0x000e5220       0x74 C:/Users/JSE-Sendance/libraries/nRF5_SDK_15.3.0/external/nrf_cc310_bl/lib/cortex-m4/hard-float/libnrf_cc310_bl_0.9.12.a(pka.c.obj)
                0x000e5220                PkaInitPka
 .text.PkaInitAndMutexLock
                0x000e5294        0x8 C:/Users/JSE-Sendance/libraries/nRF5_SDK_15.3.0/external/nrf_cc310_bl/lib/cortex-m4/hard-float/libnrf_cc310_bl_0.9.12.a(pka.c.obj)
                0x000e5294                PkaInitAndMutexLock
 .text.PkaClearBlockOfRegs
                0x000e529c      0x130 C:/Users/JSE-Sendance/libraries/nRF5_SDK_15.3.0/external/nrf_cc310_bl/lib/cortex-m4/hard-float/libnrf_cc310_bl_0.9.12.a(pka.c.obj)
                0x000e529c                PkaClearBlockOfRegs
 .text.PkaFinishAndMutexUnlock
                0x000e53cc       0x24 C:/Users/JSE-Sendance/libraries/nRF5_SDK_15.3.0/external/nrf_cc310_bl/lib/cortex-m4/hard-float/libnrf_cc310_bl_0.9.12.a(pka.c.obj)
                0x000e53cc                PkaFinishAndMutexUnlock
 .text.PkaCopyDataIntoPkaReg
                0x000e53f0       0xb8 C:/Users/JSE-Sendance/libraries/nRF5_SDK_15.3.0/external/nrf_cc310_bl/lib/cortex-m4/hard-float/libnrf_cc310_bl_0.9.12.a(pka.c.obj)
                0x000e53f0                PkaCopyDataIntoPkaReg
 .text.PkaEcdsaVerify
                0x000e54a8      0x284 C:/Users/JSE-Sendance/libraries/nRF5_SDK_15.3.0/external/nrf_cc310_bl/lib/cortex-m4/hard-float/libnrf_cc310_bl_0.9.12.a(pka_ec_wrst_dsa_verify.c.obj)
                0x000e54a8                PkaEcdsaVerify
 .text.SaSi_PalMemCopy
                0x000e572c        0x4 C:/Users/JSE-Sendance/libraries/nRF5_SDK_15.3.0/external/nrf_cc310_bl/lib/cortex-m4/hard-float/libnrf_cc310_bl_0.9.12.a(ssi_pal_mem.c.obj)
                0x000e572c                SaSi_PalMemCopy
 .text.SaSi_PalMemSet
                0x000e5730        0x4 C:/Users/JSE-Sendance/libraries/nRF5_SDK_15.3.0/external/nrf_cc310_bl/lib/cortex-m4/hard-float/libnrf_cc310_bl_0.9.12.a(ssi_pal_mem.c.obj)
                0x000e5730                SaSi_PalMemSet
 .text.SaSi_PalMemSetZero
                0x000e5734        0x8 C:/Users/JSE-Sendance/libraries/nRF5_SDK_15.3.0/external/nrf_cc310_bl/lib/cortex-m4/hard-float/libnrf_cc310_bl_0.9.12.a(ssi_pal_mem.c.obj)
                0x000e5734                SaSi_PalMemSetZero
 .text.CRYS_COMMON_ReverseMemcpy32
                0x000e573c       0x1a C:/Users/JSE-Sendance/libraries/nRF5_SDK_15.3.0/external/nrf_cc310_bl/lib/cortex-m4/hard-float/libnrf_cc310_bl_0.9.12.a(crys_common_conv_endian.c.obj)
                0x000e573c                CRYS_COMMON_ReverseMemcpy32
 *fill*         0x000e5756        0x2 
 .text.nrf_cc310_bl_hash_update_internal
                0x000e5758       0xf0 C:/Users/JSE-Sendance/libraries/nRF5_SDK_15.3.0/external/nrf_cc310_bl/lib/cortex-m4/hard-float/libnrf_cc310_bl_0.9.12.a(nrf_cc310_bl_hash.c.obj)
                0x000e5758                nrf_cc310_bl_hash_update_internal
 .text.PkaDoubleMdf2Mdf
                0x000e5848      0x1ac C:/Users/JSE-Sendance/libraries/nRF5_SDK_15.3.0/external/nrf_cc310_bl/lib/cortex-m4/hard-float/libnrf_cc310_bl_0.9.12.a(pka_ec_wrst.c.obj)
                0x000e5848                PkaDoubleMdf2Mdf
 .text.PkaDoubleMdf2Jcb
                0x000e59f4      0x178 C:/Users/JSE-Sendance/libraries/nRF5_SDK_15.3.0/external/nrf_cc310_bl/lib/cortex-m4/hard-float/libnrf_cc310_bl_0.9.12.a(pka_ec_wrst.c.obj)
                0x000e59f4                PkaDoubleMdf2Jcb
 .text.PkaAddJcbAfn2Mdf
                0x000e5b6c      0x194 C:/Users/JSE-Sendance/libraries/nRF5_SDK_15.3.0/external/nrf_cc310_bl/lib/cortex-m4/hard-float/libnrf_cc310_bl_0.9.12.a(pka_ec_wrst.c.obj)
                0x000e5b6c                PkaAddJcbAfn2Mdf
 .text.PkaJcb2Afn
                0x000e5d00       0xb0 C:/Users/JSE-Sendance/libraries/nRF5_SDK_15.3.0/external/nrf_cc310_bl/lib/cortex-m4/hard-float/libnrf_cc310_bl_0.9.12.a(pka_ec_wrst.c.obj)
                0x000e5d00                PkaJcb2Afn
 .text.PkaAddAff
                0x000e5db0      0x114 C:/Users/JSE-Sendance/libraries/nRF5_SDK_15.3.0/external/nrf_cc310_bl/lib/cortex-m4/hard-float/libnrf_cc310_bl_0.9.12.a(pka_ec_wrst.c.obj)
                0x000e5db0                PkaAddAff
 .text.PkaSum2ScalarMullt
                0x000e5ec4      0x1e4 C:/Users/JSE-Sendance/libraries/nRF5_SDK_15.3.0/external/nrf_cc310_bl/lib/cortex-m4/hard-float/libnrf_cc310_bl_0.9.12.a(pka_ec_wrst.c.obj)
                0x000e5ec4                PkaSum2ScalarMullt
 .text.SaSi_HalClearInterruptBit
                0x000e60a8        0xc C:/Users/JSE-Sendance/libraries/nRF5_SDK_15.3.0/external/nrf_cc310_bl/lib/cortex-m4/hard-float/libnrf_cc310_bl_0.9.12.a(ssi_hal.c.obj)
                0x000e60a8                SaSi_HalClearInterruptBit
 .text.SaSi_HalMaskInterrupt
                0x000e60b4        0xc C:/Users/JSE-Sendance/libraries/nRF5_SDK_15.3.0/external/nrf_cc310_bl/lib/cortex-m4/hard-float/libnrf_cc310_bl_0.9.12.a(ssi_hal.c.obj)
                0x000e60b4                SaSi_HalMaskInterrupt
 .text.SaSi_HalWaitInterrupt
                0x000e60c0       0x34 C:/Users/JSE-Sendance/libraries/nRF5_SDK_15.3.0/external/nrf_cc310_bl/lib/cortex-m4/hard-float/libnrf_cc310_bl_0.9.12.a(ssi_hal.c.obj)
                0x000e60c0                SaSi_HalWaitInterrupt
 .text.CRYPTOCELL_IRQHandler
                0x000e60f4       0x24 C:/Users/JSE-Sendance/libraries/nRF5_SDK_15.3.0/external/nrf_cc310_bl/lib/cortex-m4/hard-float/libnrf_cc310_bl_0.9.12.a(ssi_hal.c.obj)
                0x000e60f4                CRYPTOCELL_IRQHandler
 .text.exit     0x000e6118       0x28 c:/users/jse-sendance/libraries/arm_toolchain/7-2018-q2-update/bin/../lib/gcc/arm-none-eabi/7.3.1/../../../../arm-none-eabi/lib/thumb/v7e-m/fpv4-sp/hard\libc_nano.a(lib_a-exit.o)
                0x000e6118                exit
 .text.__libc_init_array
                0x000e6140       0x48 c:/users/jse-sendance/libraries/arm_toolchain/7-2018-q2-update/bin/../lib/gcc/arm-none-eabi/7.3.1/../../../../arm-none-eabi/lib/thumb/v7e-m/fpv4-sp/hard\libc_nano.a(lib_a-init.o)
                0x000e6140                __libc_init_array
 .text.memcmp   0x000e6188       0x1e c:/users/jse-sendance/libraries/arm_toolchain/7-2018-q2-update/bin/../lib/gcc/arm-none-eabi/7.3.1/../../../../arm-none-eabi/lib/thumb/v7e-m/fpv4-sp/hard\libc_nano.a(lib_a-memcmp.o)
                0x000e6188                memcmp
 .text.memcpy   0x000e61a6       0x16 c:/users/jse-sendance/libraries/arm_toolchain/7-2018-q2-update/bin/../lib/gcc/arm-none-eabi/7.3.1/../../../../arm-none-eabi/lib/thumb/v7e-m/fpv4-sp/hard\libc_nano.a(lib_a-memcpy-stub.o)
                0x000e61a6                memcpy
 .text.memset   0x000e61bc       0x10 c:/users/jse-sendance/libraries/arm_toolchain/7-2018-q2-update/bin/../lib/gcc/arm-none-eabi/7.3.1/../../../../arm-none-eabi/lib/thumb/v7e-m/fpv4-sp/hard\libc_nano.a(lib_a-memset.o)
                0x000e61bc                memset
 .text          0x000e61cc       0x10 c:/users/jse-sendance/libraries/arm_toolchain/7-2018-q2-update/bin/../lib/gcc/arm-none-eabi/7.3.1/../../../../arm-none-eabi/lib/thumb/v7e-m/fpv4-sp/hard\libc_nano.a(lib_a-strlen.o)
                0x000e61cc                strlen
 .text._exit    0x000e61dc        0x4 c:/users/jse-sendance/libraries/arm_toolchain/7-2018-q2-update/bin/../lib/gcc/arm-none-eabi/7.3.1/../../../../arm-none-eabi/lib/thumb/v7e-m/fpv4-sp/hard\libnosys.a(_exit.o)
                0x000e61dc                _exit
 .text          0x000e61e0       0x30 c:/users/jse-sendance/libraries/arm_toolchain/7-2018-q2-update/bin/../lib/gcc/arm-none-eabi/7.3.1/thumb/v7e-m/fpv4-sp/hard\libgcc.a(_aeabi_uldivmod.o)
                0x000e61e0                __aeabi_uldivmod
 .text          0x000e6210      0x2cc c:/users/jse-sendance/libraries/arm_toolchain/7-2018-q2-update/bin/../lib/gcc/arm-none-eabi/7.3.1/thumb/v7e-m/fpv4-sp/hard\libgcc.a(_udivmoddi4.o)
                0x000e6210                __udivmoddi4
 .text          0x000e64dc        0x4 c:/users/jse-sendance/libraries/arm_toolchain/7-2018-q2-update/bin/../lib/gcc/arm-none-eabi/7.3.1/thumb/v7e-m/fpv4-sp/hard\libgcc.a(_dvmd_tls.o)
                0x000e64dc                __aeabi_idiv0
                0x000e64dc                __aeabi_ldiv0
 *(.init)
 .init          0x000e64e0        0x4 c:/users/jse-sendance/libraries/arm_toolchain/7-2018-q2-update/bin/../lib/gcc/arm-none-eabi/7.3.1/thumb/v7e-m/fpv4-sp/hard/crti.o
                0x000e64e0                _init
 .init          0x000e64e4        0x8 c:/users/jse-sendance/libraries/arm_toolchain/7-2018-q2-update/bin/../lib/gcc/arm-none-eabi/7.3.1/thumb/v7e-m/fpv4-sp/hard/crtn.o
 *(.fini)
 .fini          0x000e64ec        0x4 c:/users/jse-sendance/libraries/arm_toolchain/7-2018-q2-update/bin/../lib/gcc/arm-none-eabi/7.3.1/thumb/v7e-m/fpv4-sp/hard/crti.o
                0x000e64ec                _fini
 .fini          0x000e64f0        0x8 c:/users/jse-sendance/libraries/arm_toolchain/7-2018-q2-update/bin/../lib/gcc/arm-none-eabi/7.3.1/thumb/v7e-m/fpv4-sp/hard/crtn.o
 *crtbegin.o(.ctors)
 *crtbegin?.o(.ctors)
 *(EXCLUDE_FILE(*crtend.o *crtend?.o) .ctors)
 *(SORT_BY_NAME(.ctors.*))
 *(.ctors)
 *crtbegin.o(.dtors)
 *crtbegin?.o(.dtors)
 *(EXCLUDE_FILE(*crtend.o *crtend?.o) .dtors)
 *(SORT_BY_NAME(.dtors.*))
 *(.dtors)
 *(.rodata*)
 .rodata.m_flash_info
                0x000e64f8        0xc _build/nrf52840_xxaa/nrf_fstorage_nvmc.c.o
 .rodata.nrf_fstorage_nvmc
                0x000e6504       0x20 _build/nrf52840_xxaa/nrf_fstorage_nvmc.c.o
                0x000e6504                nrf_fstorage_nvmc
 .rodata.m_flash_info
                0x000e6524        0xc _build/nrf52840_xxaa/nrf_fstorage_sd.c.o
 .rodata.nrf_fstorage_sd
                0x000e6530       0x20 _build/nrf52840_xxaa/nrf_fstorage_sd.c.o
                0x000e6530                nrf_fstorage_sd
 .rodata.g_nrf_crypto_ecc_secp256r1_curve_info
                0x000e6550        0xc _build/nrf52840_xxaa/cc310_bl_backend_ecc.c.o
                0x000e6550                g_nrf_crypto_ecc_secp256r1_curve_info
 .rodata.g_nrf_crypto_hash_sha256_info
                0x000e655c       0x18 _build/nrf52840_xxaa/cc310_bl_backend_hash.c.o
                0x000e655c                g_nrf_crypto_hash_sha256_info
 .rodata.m_board_led_list
                0x000e6574        0x2 _build/nrf52840_xxaa/boards.c.o
 .rodata        0x000e6576        0x4 _build/nrf52840_xxaa/nrf_sdh.c.o
 *fill*         0x000e657a        0x2 
 .rodata.sdh_req_observers
                0x000e657c        0xc _build/nrf52840_xxaa/nrf_sdh.c.o
 .rodata.sdh_stack_observers
                0x000e6588        0xc _build/nrf52840_xxaa/nrf_sdh.c.o
 .rodata.sdh_state_observers
                0x000e6594        0xc _build/nrf52840_xxaa/nrf_sdh.c.o
 .rodata.sdh_ble_observers
                0x000e65a0        0xc _build/nrf52840_xxaa/nrf_sdh_ble.c.o
 .rodata.sdh_soc_observers
                0x000e65ac        0xc _build/nrf52840_xxaa/nrf_sdh_soc.c.o
 .rodata.pk     0x000e65b8       0x40 _build/nrf52840_xxaa/dfu_public_key.c.o
                0x000e65b8                pk
 *fill*         0x000e65f8        0x8 
 .rodata.delay_machine_code.8643
                0x000e6600        0x6 _build/nrf52840_xxaa/nrf_bootloader_dfu_timers.c.o
 *fill*         0x000e6606        0x2 
 .rodata.PB_DECODERS
                0x000e6608       0x24 _build/nrf52840_xxaa/pb_decode.c.o
 .rodata.dfu_boot_validation_fields
                0x000e662c       0x30 _build/nrf52840_xxaa/dfu-cc.pb.c.o
                0x000e662c                dfu_boot_validation_fields
 .rodata.dfu_command_fields
                0x000e665c       0x30 _build/nrf52840_xxaa/dfu-cc.pb.c.o
                0x000e665c                dfu_command_fields
 .rodata.dfu_hash_fields
                0x000e668c       0x30 _build/nrf52840_xxaa/dfu-cc.pb.c.o
                0x000e668c                dfu_hash_fields
 .rodata.dfu_init_command_fields
                0x000e66bc       0xb0 _build/nrf52840_xxaa/dfu-cc.pb.c.o
                0x000e66bc                dfu_init_command_fields
 .rodata.dfu_init_command_is_debug_default
                0x000e676c        0x1 _build/nrf52840_xxaa/dfu-cc.pb.c.o
                0x000e676c                dfu_init_command_is_debug_default
 *fill*         0x000e676d        0x3 
 .rodata.dfu_packet_fields
                0x000e6770       0x30 _build/nrf52840_xxaa/dfu-cc.pb.c.o
                0x000e6770                dfu_packet_fields
 .rodata.dfu_signed_command_fields
                0x000e67a0       0x40 _build/nrf52840_xxaa/dfu-cc.pb.c.o
                0x000e67a0                dfu_signed_command_fields
 .rodata        0x000e67e0       0x10 _build/nrf52840_xxaa/nrf_dfu_ble.c.o
 .rodata.ble_dfu_transport_init.str1.1
                0x000e67f0        0x8 _build/nrf52840_xxaa/nrf_dfu_ble.c.o
 *fill*         0x000e67f8        0x8 
 .rodata.delay_machine_code.10612
                0x000e6800        0x6 _build/nrf52840_xxaa/nrf_dfu_ble.c.o
 .rodata.m_gap_conn_params
                0x000e6806        0x8 _build/nrf52840_xxaa/nrf_dfu_ble.c.o
 *fill*         0x000e680e        0x2 
 .rodata.app_buttons
                0x000e6810        0x8 _build/nrf52840_xxaa/bsp.c.o
 .rodata.m_bsp_alert_tmr
                0x000e6818        0x4 _build/nrf52840_xxaa/bsp.c.o
 .rodata.m_bsp_button_tmr
                0x000e681c        0x4 _build/nrf52840_xxaa/bsp.c.o
 .rodata.m_bsp_leds_tmr
                0x000e6820        0x4 _build/nrf52840_xxaa/bsp.c.o
 *fill*         0x000e6824        0xc 
 .rodata.delay_machine_code.9033
                0x000e6830        0x6 _build/nrf52840_xxaa/app_timer.c.o
 *fill*         0x000e6836        0xa 
 .rodata.delay_machine_code.8633
                0x000e6840        0x6 _build/nrf52840_xxaa/main.c.o
 *fill*         0x000e6846        0x2 
 .rodata.domain_secp256r1
                0x000e6848       0xcc C:/Users/JSE-Sendance/libraries/nRF5_SDK_15.3.0/external/nrf_cc310_bl/lib/cortex-m4/hard-float/libnrf_cc310_bl_0.9.12.a(nrf_cc310_bl_ecdsa_verify_secp256r1.c.obj)
                0x000e6848                domain_secp256r1
 .rodata        0x000e6914       0x10 C:/Users/JSE-Sendance/libraries/nRF5_SDK_15.3.0/external/nrf_cc310_bl/lib/cortex-m4/hard-float/libnrf_cc310_bl_0.9.12.a(nrf_cc310_bl_hash_sha256.c.obj)
 .rodata.NRF_CC310_BL_HASH_LARVAL_SHA256
                0x000e6924       0x20 C:/Users/JSE-Sendance/libraries/nRF5_SDK_15.3.0/external/nrf_cc310_bl/lib/cortex-m4/hard-float/libnrf_cc310_bl_0.9.12.a(nrf_cc310_bl_hash_sha256.c.obj)
                0x000e6924                NRF_CC310_BL_HASH_LARVAL_SHA256
 .rodata._global_impure_ptr
                0x000e6944        0x4 c:/users/jse-sendance/libraries/arm_toolchain/7-2018-q2-update/bin/../lib/gcc/arm-none-eabi/7.3.1/../../../../arm-none-eabi/lib/thumb/v7e-m/fpv4-sp/hard\libc_nano.a(lib_a-impure.o)
                0x000e6944                _global_impure_ptr
 *(.eh_frame*)
 .eh_frame      0x000e6948        0x0 c:/users/jse-sendance/libraries/arm_toolchain/7-2018-q2-update/bin/../lib/gcc/arm-none-eabi/7.3.1/thumb/v7e-m/fpv4-sp/hard/crtbegin.o
 .eh_frame      0x000e6948        0x4 c:/users/jse-sendance/libraries/arm_toolchain/7-2018-q2-update/bin/../lib/gcc/arm-none-eabi/7.3.1/thumb/v7e-m/fpv4-sp/hard/crtend.o

.glue_7         0x000e694c        0x0
 .glue_7        0x000e694c        0x0 linker stubs

.glue_7t        0x000e694c        0x0
 .glue_7t       0x000e694c        0x0 linker stubs

.vfp11_veneer   0x000e694c        0x0
 .vfp11_veneer  0x000e694c        0x0 linker stubs

.v4_bx          0x000e694c        0x0
 .v4_bx         0x000e694c        0x0 linker stubs

.iplt           0x000e694c        0x0
 .iplt          0x000e694c        0x0 c:/users/jse-sendance/libraries/arm_toolchain/7-2018-q2-update/bin/../lib/gcc/arm-none-eabi/7.3.1/thumb/v7e-m/fpv4-sp/hard/crtbegin.o

.mem_section_dummy_rom

.crypto_data    0x000e694c        0x8
                0x000e694c                PROVIDE (__start_crypto_data = .)
 *(SORT_BY_NAME(.crypto_data*))
 .crypto_data   0x000e694c        0x8 _build/nrf52840_xxaa/cc310_bl_backend_init.c.o
                0x000e694c                cc310_bl_backend
                0x000e6954                PROVIDE (__stop_crypto_data = .)

.nrf_queue      0x000e6954        0x0
                [!provide]                PROVIDE (__start_nrf_queue = .)
 *(.nrf_queue)
                [!provide]                PROVIDE (__stop_nrf_queue = .)

.dfu_trans      0x000e6954        0x8
                0x000e6954                PROVIDE (__start_dfu_trans = .)
 *(SORT_BY_NAME(.dfu_trans*))
 .dfu_trans     0x000e6954        0x8 _build/nrf52840_xxaa/nrf_dfu_ble.c.o
                0x000e6954                ble_dfu_transport
                0x000e695c                PROVIDE (__stop_dfu_trans = .)

.svc_data       0x000e695c        0xc
                0x000e695c                PROVIDE (__start_svc_data = .)
 *(.svc_data)
 .svc_data      0x000e695c        0xc _build/nrf52840_xxaa/nrf_dfu_svci_handler.c.o
                0x000e695c                nrf_dfu_set_adv_name_var
                0x000e6968                PROVIDE (__stop_svc_data = .)

.log_const_data
                0x000e6968        0x0
                [!provide]                PROVIDE (__start_log_const_data = .)
 *(SORT_BY_NAME(.log_const_data*))
                [!provide]                PROVIDE (__stop_log_const_data = .)

.nrf_balloc     0x000e6968       0x14
                [!provide]                PROVIDE (__start_nrf_balloc = .)
 *(.nrf_balloc)
 .nrf_balloc    0x000e6968       0x14 _build/nrf52840_xxaa/nrf_dfu_ble.c.o
                0x000e6968                m_buffer_pool
                [!provide]                PROVIDE (__stop_nrf_balloc = .)

.log_backends   0x000e697c        0x0
                [!provide]                PROVIDE (__start_log_backends = .)
 *(SORT_BY_NAME(.log_backends*))
                [!provide]                PROVIDE (__stop_log_backends = .)

.sdh_ble_observers
                0x000e697c        0x8
                0x000e697c                PROVIDE (__start_sdh_ble_observers = .)
 *(SORT_BY_NAME(.sdh_ble_observers*))
 .sdh_ble_observers2
                0x000e697c        0x8 _build/nrf52840_xxaa/nrf_dfu_ble.c.o
                0x000e6984                PROVIDE (__stop_sdh_ble_observers = .)

.sdh_req_observers
                0x000e6984        0x8
                0x000e6984                PROVIDE (__start_sdh_req_observers = .)
 *(SORT_BY_NAME(.sdh_req_observers*))
 .sdh_req_observers0
                0x000e6984        0x8 _build/nrf52840_xxaa/nrf_fstorage_sd.c.o
                0x000e6984                m_req_obs
                0x000e698c                PROVIDE (__stop_sdh_req_observers = .)

.sdh_state_observers
                0x000e698c        0x8
                0x000e698c                PROVIDE (__start_sdh_state_observers = .)
 *(SORT_BY_NAME(.sdh_state_observers*))
 .sdh_state_observers0
                0x000e698c        0x8 _build/nrf52840_xxaa/nrf_fstorage_sd.c.o
                0x000e6994                PROVIDE (__stop_sdh_state_observers = .)

.sdh_stack_observers
                0x000e6994       0x10
                0x000e6994                PROVIDE (__start_sdh_stack_observers = .)
 *(SORT_BY_NAME(.sdh_stack_observers*))
 .sdh_stack_observers0
                0x000e6994        0x8 _build/nrf52840_xxaa/nrf_sdh_ble.c.o
 .sdh_stack_observers0
                0x000e699c        0x8 _build/nrf52840_xxaa/nrf_sdh_soc.c.o
                0x000e69a4                PROVIDE (__stop_sdh_stack_observers = .)

.sdh_soc_observers
                0x000e69a4        0x8
                0x000e69a4                PROVIDE (__start_sdh_soc_observers = .)
 *(SORT_BY_NAME(.sdh_soc_observers*))
 .sdh_soc_observers0
                0x000e69a4        0x8 _build/nrf52840_xxaa/nrf_fstorage_sd.c.o
                0x000e69ac                PROVIDE (__stop_sdh_soc_observers = .)

.ARM.extab
 *(.ARM.extab* .gnu.linkonce.armextab.*)
                0x000e69ac                __exidx_start = .

.ARM.exidx      0x000e69ac        0x8
 *(.ARM.exidx* .gnu.linkonce.armexidx.*)
 .ARM.exidx     0x000e69ac        0x8 c:/users/jse-sendance/libraries/arm_toolchain/7-2018-q2-update/bin/../lib/gcc/arm-none-eabi/7.3.1/../../../../arm-none-eabi/lib/thumb/v7e-m/fpv4-sp/hard/crt0.o
 .ARM.exidx     0x000e69b4        0x0 c:/users/jse-sendance/libraries/arm_toolchain/7-2018-q2-update/bin/../lib/gcc/arm-none-eabi/7.3.1/thumb/v7e-m/fpv4-sp/hard\libgcc.a(_udivmoddi4.o)
                                  0x8 (size before relaxing)
                0x000e69b4                __exidx_end = .
                0x000e69b4                __etext = .

.data           0x20002a98       0xa4 load address 0x000e69b4
                0x20002a98                __data_start__ = .
 *(vtable)
 *(.data*)
 .data.SystemCoreClock
                0x20002a98        0x4 _build/nrf52840_xxaa/system_nrf52840.c.o
                0x20002a98                SystemCoreClock
 .data.m_timers
                0x20002a9c       0x20 _build/nrf52840_xxaa/nrf_bootloader_dfu_timers.c.o
                0x20002a9c                m_timers
 .data.mp_inactivity
                0x20002abc        0x4 _build/nrf52840_xxaa/nrf_bootloader_dfu_timers.c.o
                0x20002abc                mp_inactivity
 .data.mp_wdt_feed
                0x20002ac0        0x4 _build/nrf52840_xxaa/nrf_bootloader_dfu_timers.c.o
                0x20002ac0                mp_wdt_feed
 .data.m_adv_handle
                0x20002ac4        0x1 _build/nrf52840_xxaa/nrf_dfu_ble.c.o
 *fill*         0x20002ac5        0x1 
 .data.m_conn_handle
                0x20002ac6        0x2 _build/nrf52840_xxaa/nrf_dfu_ble.c.o
 .data.current_object.11392
                0x20002ac8        0x1 _build/nrf52840_xxaa/nrf_dfu_req_handler.c.o
 *fill*         0x20002ac9        0x3 
 .data.mp_dfu_settings_backup_buffer
                0x20002acc        0x4 _build/nrf52840_xxaa/nrf_dfu_settings.c.o
                0x20002acc                mp_dfu_settings_backup_buffer
 .data.dblrst_mem
                0x20002ad0        0x4 _build/nrf52840_xxaa/main.c.o
                0x20002ad0                dblrst_mem
 .data.impure_data
                0x20002ad4       0x60 c:/users/jse-sendance/libraries/arm_toolchain/7-2018-q2-update/bin/../lib/gcc/arm-none-eabi/7.3.1/../../../../arm-none-eabi/lib/thumb/v7e-m/fpv4-sp/hard\libc_nano.a(lib_a-impure.o)
                0x20002b34                . = ALIGN (0x4)
                0x20002b34                PROVIDE (__preinit_array_start = .)
 *(.preinit_array)
                0x20002b34                PROVIDE (__preinit_array_end = .)
                0x20002b34                . = ALIGN (0x4)
                0x20002b34                PROVIDE (__init_array_start = .)
 *(SORT_BY_NAME(.init_array.*))
 *(.init_array)
 .init_array    0x20002b34        0x4 c:/users/jse-sendance/libraries/arm_toolchain/7-2018-q2-update/bin/../lib/gcc/arm-none-eabi/7.3.1/thumb/v7e-m/fpv4-sp/hard/crtbegin.o
                0x20002b38                PROVIDE (__init_array_end = .)
                0x20002b38                . = ALIGN (0x4)
                [!provide]                PROVIDE (__fini_array_start = .)
 *(SORT_BY_NAME(.fini_array.*))
 *(.fini_array)
 .fini_array    0x20002b38        0x4 c:/users/jse-sendance/libraries/arm_toolchain/7-2018-q2-update/bin/../lib/gcc/arm-none-eabi/7.3.1/thumb/v7e-m/fpv4-sp/hard/crtbegin.o
                [!provide]                PROVIDE (__fini_array_end = .)
 *(.jcr*)
                0x20002b3c                . = ALIGN (0x4)
                0x20002b3c                __data_end__ = .
LOAD c:/users/jse-sendance/libraries/arm_toolchain/7-2018-q2-update/bin/../lib/gcc/arm-none-eabi/7.3.1/thumb/v7e-m/fpv4-sp/hard/crti.o
LOAD c:/users/jse-sendance/libraries/arm_toolchain/7-2018-q2-update/bin/../lib/gcc/arm-none-eabi/7.3.1/thumb/v7e-m/fpv4-sp/hard/crtbegin.o
LOAD c:/users/jse-sendance/libraries/arm_toolchain/7-2018-q2-update/bin/../lib/gcc/arm-none-eabi/7.3.1/../../../../arm-none-eabi/lib/thumb/v7e-m/fpv4-sp/hard/crt0.o
LOAD _build/nrf52840_xxaa/gcc_startup_nrf52840.S.o
LOAD _build/nrf52840_xxaa/nrf_log_frontend.c.o
LOAD _build/nrf52840_xxaa/nrf_log_str_formatter.c.o
LOAD _build/nrf52840_xxaa/app_error_weak.c.o
LOAD _build/nrf52840_xxaa/app_scheduler.c.o
LOAD _build/nrf52840_xxaa/app_util_platform.c.o
LOAD _build/nrf52840_xxaa/crc32.c.o
LOAD _build/nrf52840_xxaa/mem_manager.c.o
LOAD _build/nrf52840_xxaa/nrf_assert.c.o
LOAD _build/nrf52840_xxaa/nrf_atfifo.c.o
LOAD _build/nrf52840_xxaa/nrf_atomic.c.o
LOAD _build/nrf52840_xxaa/nrf_balloc.c.o
LOAD _build/nrf52840_xxaa/nrf_fprintf.c.o
LOAD _build/nrf52840_xxaa/nrf_fprintf_format.c.o
LOAD _build/nrf52840_xxaa/nrf_fstorage.c.o
LOAD _build/nrf52840_xxaa/nrf_fstorage_nvmc.c.o
LOAD _build/nrf52840_xxaa/nrf_fstorage_sd.c.o
LOAD _build/nrf52840_xxaa/nrf_memobj.c.o
LOAD _build/nrf52840_xxaa/nrf_queue.c.o
LOAD _build/nrf52840_xxaa/nrf_ringbuf.c.o
LOAD _build/nrf52840_xxaa/nrf_section_iter.c.o
LOAD _build/nrf52840_xxaa/nrf_strerror.c.o
LOAD _build/nrf52840_xxaa/system_nrf52840.c.o
LOAD _build/nrf52840_xxaa/cc310_bl_backend_ecc.c.o
LOAD _build/nrf52840_xxaa/cc310_bl_backend_ecdsa.c.o
LOAD _build/nrf52840_xxaa/cc310_bl_backend_hash.c.o
LOAD _build/nrf52840_xxaa/cc310_bl_backend_init.c.o
LOAD _build/nrf52840_xxaa/cc310_bl_backend_shared.c.o
LOAD _build/nrf52840_xxaa/boards.c.o
LOAD _build/nrf52840_xxaa/nrf_sdh.c.o
LOAD _build/nrf52840_xxaa/nrf_sdh_ble.c.o
LOAD _build/nrf52840_xxaa/nrf_sdh_soc.c.o
LOAD _build/nrf52840_xxaa/nrf_nvmc.c.o
LOAD _build/nrf52840_xxaa/nrfx_atomic.c.o
LOAD _build/nrf52840_xxaa/nrf_crypto_ecc.c.o
LOAD _build/nrf52840_xxaa/nrf_crypto_ecdsa.c.o
LOAD _build/nrf52840_xxaa/nrf_crypto_hash.c.o
LOAD _build/nrf52840_xxaa/nrf_crypto_init.c.o
LOAD _build/nrf52840_xxaa/nrf_crypto_shared.c.o
LOAD _build/nrf52840_xxaa/dfu_public_key.c.o
LOAD _build/nrf52840_xxaa/nrf_dfu_svci.c.o
LOAD _build/nrf52840_xxaa/nrf_dfu_svci_handler.c.o
LOAD _build/nrf52840_xxaa/nrf_svc_handler.c.o
LOAD _build/nrf52840_xxaa/ble_srv_common.c.o
LOAD _build/nrf52840_xxaa/nrf_bootloader.c.o
LOAD _build/nrf52840_xxaa/nrf_bootloader_app_start.c.o
LOAD _build/nrf52840_xxaa/nrf_bootloader_app_start_final.c.o
LOAD _build/nrf52840_xxaa/nrf_bootloader_dfu_timers.c.o
LOAD _build/nrf52840_xxaa/nrf_bootloader_fw_activation.c.o
LOAD _build/nrf52840_xxaa/nrf_bootloader_info.c.o
LOAD _build/nrf52840_xxaa/nrf_bootloader_wdt.c.o
LOAD _build/nrf52840_xxaa/pb_common.c.o
LOAD _build/nrf52840_xxaa/pb_decode.c.o
LOAD _build/nrf52840_xxaa/dfu-cc.pb.c.o
LOAD _build/nrf52840_xxaa/nrf_dfu.c.o
LOAD _build/nrf52840_xxaa/nrf_dfu_ble.c.o
LOAD _build/nrf52840_xxaa/nrf_dfu_flash.c.o
LOAD _build/nrf52840_xxaa/nrf_dfu_handling_error.c.o
LOAD _build/nrf52840_xxaa/nrf_dfu_mbr.c.o
LOAD _build/nrf52840_xxaa/nrf_dfu_req_handler.c.o
LOAD _build/nrf52840_xxaa/nrf_dfu_settings.c.o
LOAD _build/nrf52840_xxaa/nrf_dfu_settings_svci.c.o
LOAD _build/nrf52840_xxaa/nrf_dfu_transport.c.o
LOAD _build/nrf52840_xxaa/nrf_dfu_utils.c.o
LOAD _build/nrf52840_xxaa/nrf_dfu_validation.c.o
LOAD _build/nrf52840_xxaa/nrf_dfu_ver_validation.c.o
LOAD _build/nrf52840_xxaa/oberon_backend_chacha_poly_aead.c.o
LOAD _build/nrf52840_xxaa/oberon_backend_ecc.c.o
LOAD _build/nrf52840_xxaa/oberon_backend_ecdh.c.o
LOAD _build/nrf52840_xxaa/oberon_backend_ecdsa.c.o
LOAD _build/nrf52840_xxaa/oberon_backend_eddsa.c.o
LOAD _build/nrf52840_xxaa/oberon_backend_hash.c.o
LOAD _build/nrf52840_xxaa/oberon_backend_hmac.c.o
LOAD _build/nrf52840_xxaa/bsp.c.o
LOAD _build/nrf52840_xxaa/app_timer.c.o
LOAD _build/nrf52840_xxaa/app_button.c.o
LOAD _build/nrf52840_xxaa/main.c.o
LOAD C:/Users/JSE-Sendance/libraries/nRF5_SDK_15.3.0/external/nrf_oberon/lib/cortex-m4/hard-float/liboberon_2.0.7.a
LOAD C:/Users/JSE-Sendance/libraries/nRF5_SDK_15.3.0/external/nrf_cc310_bl/lib/cortex-m4/hard-float/libnrf_cc310_bl_0.9.12.a
LOAD c:/users/jse-sendance/libraries/arm_toolchain/7-2018-q2-update/bin/../lib/gcc/arm-none-eabi/7.3.1/../../../../arm-none-eabi/lib/thumb/v7e-m/fpv4-sp/hard\libc_nano.a
LOAD c:/users/jse-sendance/libraries/arm_toolchain/7-2018-q2-update/bin/../lib/gcc/arm-none-eabi/7.3.1/../../../../arm-none-eabi/lib/thumb/v7e-m/fpv4-sp/hard\libnosys.a
LOAD c:/users/jse-sendance/libraries/arm_toolchain/7-2018-q2-update/bin/../lib/gcc/arm-none-eabi/7.3.1/../../../../arm-none-eabi/lib/thumb/v7e-m/fpv4-sp/hard\libm.a
START GROUP
LOAD c:/users/jse-sendance/libraries/arm_toolchain/7-2018-q2-update/bin/../lib/gcc/arm-none-eabi/7.3.1/thumb/v7e-m/fpv4-sp/hard\libgcc.a
LOAD c:/users/jse-sendance/libraries/arm_toolchain/7-2018-q2-update/bin/../lib/gcc/arm-none-eabi/7.3.1/../../../../arm-none-eabi/lib/thumb/v7e-m/fpv4-sp/hard\libg_nano.a
LOAD c:/users/jse-sendance/libraries/arm_toolchain/7-2018-q2-update/bin/../lib/gcc/arm-none-eabi/7.3.1/../../../../arm-none-eabi/lib/thumb/v7e-m/fpv4-sp/hard\libc_nano.a
END GROUP
START GROUP
LOAD c:/users/jse-sendance/libraries/arm_toolchain/7-2018-q2-update/bin/../lib/gcc/arm-none-eabi/7.3.1/thumb/v7e-m/fpv4-sp/hard\libgcc.a
LOAD c:/users/jse-sendance/libraries/arm_toolchain/7-2018-q2-update/bin/../lib/gcc/arm-none-eabi/7.3.1/../../../../arm-none-eabi/lib/thumb/v7e-m/fpv4-sp/hard\libc_nano.a
END GROUP
LOAD c:/users/jse-sendance/libraries/arm_toolchain/7-2018-q2-update/bin/../lib/gcc/arm-none-eabi/7.3.1/thumb/v7e-m/fpv4-sp/hard/crtend.o
LOAD c:/users/jse-sendance/libraries/arm_toolchain/7-2018-q2-update/bin/../lib/gcc/arm-none-eabi/7.3.1/thumb/v7e-m/fpv4-sp/hard/crtn.o
START GROUP
LOAD c:/users/jse-sendance/libraries/arm_toolchain/7-2018-q2-update/bin/../lib/gcc/arm-none-eabi/7.3.1/thumb/v7e-m/fpv4-sp/hard\libgcc.a
LOAD c:/users/jse-sendance/libraries/arm_toolchain/7-2018-q2-update/bin/../lib/gcc/arm-none-eabi/7.3.1/../../../../arm-none-eabi/lib/thumb/v7e-m/fpv4-sp/hard\libc.a
LOAD c:/users/jse-sendance/libraries/arm_toolchain/7-2018-q2-update/bin/../lib/gcc/arm-none-eabi/7.3.1/../../../../arm-none-eabi/lib/thumb/v7e-m/fpv4-sp/hard\libnosys.a
END GROUP

.igot.plt       0x20002b3c        0x0 load address 0x000e6a58
 .igot.plt      0x20002b3c        0x0 c:/users/jse-sendance/libraries/arm_toolchain/7-2018-q2-update/bin/../lib/gcc/arm-none-eabi/7.3.1/thumb/v7e-m/fpv4-sp/hard/crtbegin.o
                0x20002b3c                . = ALIGN (0x4)

.uicr_bootloader_start_address
                0x00000ff8        0x4
                [!provide]                PROVIDE (__start_uicr_bootloader_start_address = .)
 *(SORT_BY_NAME(.uicr_bootloader_start_address*))
 .uicr_bootloader_start_address
                0x00000ff8        0x4 _build/nrf52840_xxaa/nrf_bootloader_info.c.o
                0x00000ff8                m_uicr_bootloader_start_address
                [!provide]                PROVIDE (__stop_uicr_bootloader_start_address = .)
                0x00000ffc                . = ALIGN (0x4)

.bootloader_settings_page
                0x000ff000     0x1000
                [!provide]                PROVIDE (__start_bootloader_settings_page = .)
 *(SORT_BY_NAME(.bootloader_settings_page*))
 .bootloader_settings_page
                0x000ff000     0x1000 _build/nrf52840_xxaa/nrf_dfu_settings.c.o
                0x000ff000                m_dfu_settings_buffer
                [!provide]                PROVIDE (__stop_bootloader_settings_page = .)
                0x00100000                . = ALIGN (0x4)

.uicr_mbr_params_page
                0x00000ffc        0x4
                [!provide]                PROVIDE (__start_uicr_mbr_params_page = .)
 *(SORT_BY_NAME(.uicr_mbr_params_page*))
 .uicr_mbr_params_page
                0x00000ffc        0x4 _build/nrf52840_xxaa/nrf_dfu_settings.c.o
                0x00000ffc                m_uicr_mbr_params_page_address
                [!provide]                PROVIDE (__stop_uicr_mbr_params_page = .)

.rel.dyn        0x00001000        0x0
 .rel.iplt      0x00001000        0x0 c:/users/jse-sendance/libraries/arm_toolchain/7-2018-q2-update/bin/../lib/gcc/arm-none-eabi/7.3.1/thumb/v7e-m/fpv4-sp/hard/crtbegin.o
                0x00001000                . = ALIGN (0x4)

.dbl_reset

.mbr_params_page
                0x000fe000     0x1000
                [!provide]                PROVIDE (__start_mbr_params_page = .)
 *(SORT_BY_NAME(.mbr_params_page*))
 .mbr_params_page
                0x000fe000     0x1000 _build/nrf52840_xxaa/nrf_dfu_settings.c.o
                0x000fe000                m_mbr_params_page
                [!provide]                PROVIDE (__stop_mbr_params_page = .)
                0x000ff000                . = ALIGN (0x4)

.mem_section_dummy_ram

.log_dynamic_data
                0x20002b3c        0x0
                [!provide]                PROVIDE (__start_log_dynamic_data = .)
 *(SORT_BY_NAME(.log_dynamic_data*))
                [!provide]                PROVIDE (__stop_log_dynamic_data = .)

.log_filter_data
                0x20002b3c        0x0
                [!provide]                PROVIDE (__start_log_filter_data = .)
 *(SORT_BY_NAME(.log_filter_data*))
                [!provide]                PROVIDE (__stop_log_filter_data = .)

.fs_data        0x20002b3c       0x14 load address 0x000e6a58
                0x20002b3c                PROVIDE (__start_fs_data = .)
 *(.fs_data)
 .fs_data       0x20002b3c       0x14 _build/nrf52840_xxaa/nrf_dfu_flash.c.o
                0x20002b3c                m_fs
                0x20002b50                PROVIDE (__stop_fs_data = .)

.bss            0x20002b50     0x3774 load address 0x000e6a6c
                0x20002b50                . = ALIGN (0x4)
                0x20002b50                __bss_start__ = .
 *(.bss*)
 .bss           0x20002b50       0x1c c:/users/jse-sendance/libraries/arm_toolchain/7-2018-q2-update/bin/../lib/gcc/arm-none-eabi/7.3.1/thumb/v7e-m/fpv4-sp/hard/crtbegin.o
 .bss.m_queue_end_index
                0x20002b6c        0x1 _build/nrf52840_xxaa/app_scheduler.c.o
 *fill*         0x20002b6d        0x3 
 .bss.m_queue_event_data
                0x20002b70        0x4 _build/nrf52840_xxaa/app_scheduler.c.o
 .bss.m_queue_event_headers
                0x20002b74        0x4 _build/nrf52840_xxaa/app_scheduler.c.o
 .bss.m_queue_event_size
                0x20002b78        0x2 _build/nrf52840_xxaa/app_scheduler.c.o
 .bss.m_queue_size
                0x20002b7a        0x2 _build/nrf52840_xxaa/app_scheduler.c.o
 .bss.m_queue_start_index
                0x20002b7c        0x1 _build/nrf52840_xxaa/app_scheduler.c.o
 *fill*         0x20002b7d        0x3 
 .bss.m_flash_operation_ongoing
                0x20002b80        0x4 _build/nrf52840_xxaa/nrf_fstorage_nvmc.c.o
 .bss.m_fifo_data
                0x20002b84      0x1dc _build/nrf52840_xxaa/nrf_fstorage_sd.c.o
 .bss.m_fifo_inst
                0x20002d60       0x10 _build/nrf52840_xxaa/nrf_fstorage_sd.c.o
 .bss.m_flags   0x20002d70       0x14 _build/nrf52840_xxaa/nrf_fstorage_sd.c.o
 .bss.m_iget_ctx
                0x20002d84        0x4 _build/nrf52840_xxaa/nrf_fstorage_sd.c.o
 .bss.m_p_cur_op
                0x20002d88        0x4 _build/nrf52840_xxaa/nrf_fstorage_sd.c.o
 .bss.m_hash_buffer
                0x20002d8c     0x1000 _build/nrf52840_xxaa/cc310_bl_backend_hash.c.o
 .bss.m_nrf_sdh_continue
                0x20003d8c        0x1 _build/nrf52840_xxaa/nrf_sdh.c.o
 .bss.m_nrf_sdh_enabled
                0x20003d8d        0x1 _build/nrf52840_xxaa/nrf_sdh.c.o
 .bss.m_nrf_sdh_suspended
                0x20003d8e        0x1 _build/nrf52840_xxaa/nrf_sdh.c.o
 .bss.m_stack_is_enabled
                0x20003d8f        0x1 _build/nrf52840_xxaa/nrf_sdh_ble.c.o
 .bss.m_state   0x20003d90        0x1 _build/nrf52840_xxaa/nrf_crypto_init.c.o
 *fill*         0x20003d91        0x3 
 .bss.APP_SCHED_BUF.10898
                0x20003d94      0x420 _build/nrf52840_xxaa/nrf_bootloader.c.o
 .bss.m_flash_write_done
                0x200041b4        0x1 _build/nrf52840_xxaa/nrf_bootloader.c.o
 *fill*         0x200041b5        0x3 
 .bss.m_user_observer
                0x200041b8        0x4 _build/nrf52840_xxaa/nrf_bootloader.c.o
 .bss.acl_instance.9593
                0x200041bc        0x4 _build/nrf52840_xxaa/nrf_bootloader_app_start_final.c.o
 .bss.m_counter_loops
                0x200041c0        0x4 _build/nrf52840_xxaa/nrf_bootloader_dfu_timers.c.o
                0x200041c0                m_counter_loops
 .bss.m_timer_initialized.9181
                0x200041c4        0x1 _build/nrf52840_xxaa/nrf_bootloader_dfu_timers.c.o
 .bss.m_flash_write_done
                0x200041c5        0x1 _build/nrf52840_xxaa/nrf_bootloader_fw_activation.c.o
 .bss.initialized.9140
                0x200041c6        0x1 _build/nrf52840_xxaa/nrf_bootloader_wdt.c.o
 *fill*         0x200041c7        0x1 
 .bss.m_user_observer
                0x200041c8        0x4 _build/nrf52840_xxaa/nrf_dfu.c.o
 .bss.m_adv_name
                0x200041cc       0x1c _build/nrf52840_xxaa/nrf_dfu_ble.c.o
 .bss.m_buffer_pool_nrf_balloc_cb
                0x200041e8        0x8 _build/nrf52840_xxaa/nrf_dfu_ble.c.o
 .bss.m_buffer_pool_nrf_balloc_pool_mem
                0x200041f0     0x1034 _build/nrf52840_xxaa/nrf_dfu_ble.c.o
 .bss.m_buffer_pool_nrf_balloc_pool_stack
                0x20005224       0x11 _build/nrf52840_xxaa/nrf_dfu_ble.c.o
 *fill*         0x20005235        0x1 
 .bss.m_dfu     0x20005236       0x14 _build/nrf52840_xxaa/nrf_dfu_ble.c.o
 .bss.m_enc_advdata.10809
                0x2000524a       0x1f _build/nrf52840_xxaa/nrf_dfu_ble.c.o
 *fill*         0x20005269        0x3 
 .bss.m_flags   0x2000526c        0x4 _build/nrf52840_xxaa/nrf_dfu_ble.c.o
 .bss.m_observer
                0x20005270        0x4 _build/nrf52840_xxaa/nrf_dfu_ble.c.o
 .bss.m_pkt_notif_target
                0x20005274        0x2 _build/nrf52840_xxaa/nrf_dfu_ble.c.o
 .bss.m_pkt_notif_target_cnt
                0x20005276        0x2 _build/nrf52840_xxaa/nrf_dfu_ble.c.o
 .bss.m_last_error
                0x20005278        0x1 _build/nrf52840_xxaa/nrf_dfu_handling_error.c.o
 *fill*         0x20005279        0x3 
 .bss.m_firmware_size_req
                0x2000527c        0x4 _build/nrf52840_xxaa/nrf_dfu_req_handler.c.o
 .bss.m_firmware_start_addr
                0x20005280        0x4 _build/nrf52840_xxaa/nrf_dfu_req_handler.c.o
 .bss.m_observer
                0x20005284        0x4 _build/nrf52840_xxaa/nrf_dfu_req_handler.c.o
 .bss.dfu_settings_buffer.9715
                0x20005288      0x380 _build/nrf52840_xxaa/nrf_dfu_settings.c.o
 .bss.dfu_settings_buffer.9720
                0x20005608      0x380 _build/nrf52840_xxaa/nrf_dfu_settings.c.o
 .bss.m_crypto_initialized
                0x20005988        0x1 _build/nrf52840_xxaa/nrf_dfu_validation.c.o
 .bss.m_fw_hash
                0x20005989       0x20 _build/nrf52840_xxaa/nrf_dfu_validation.c.o
 *fill*         0x200059a9        0x3 
 .bss.m_init_packet_data_len
                0x200059ac        0x4 _build/nrf52840_xxaa/nrf_dfu_validation.c.o
 .bss.m_init_packet_data_ptr
                0x200059b0        0x4 _build/nrf52840_xxaa/nrf_dfu_validation.c.o
 .bss.m_init_packet_valid
                0x200059b4        0x1 _build/nrf52840_xxaa/nrf_dfu_validation.c.o
 *fill*         0x200059b5        0x3 
 .bss.m_packet  0x200059b8      0x31c _build/nrf52840_xxaa/nrf_dfu_validation.c.o
 .bss.m_pb_stream
                0x20005cd4       0x10 _build/nrf52840_xxaa/nrf_dfu_validation.c.o
 .bss.m_public_key
                0x20005ce4       0x48 _build/nrf52840_xxaa/nrf_dfu_validation.c.o
 .bss.m_sig_hash
                0x20005d2c       0x20 _build/nrf52840_xxaa/nrf_dfu_validation.c.o
 .bss.m_signature
                0x20005d4c       0x40 _build/nrf52840_xxaa/nrf_dfu_validation.c.o
 .bss.m_valid_init_cmd_present
                0x20005d8c        0x1 _build/nrf52840_xxaa/nrf_dfu_validation.c.o
 *fill*         0x20005d8d        0x3 
 .bss.mp_init   0x20005d90        0x4 _build/nrf52840_xxaa/nrf_dfu_validation.c.o
 .bss.current_long_push_pin_no.9167
                0x20005d94        0x1 _build/nrf52840_xxaa/bsp.c.o
 .bss.m_alert_on
                0x20005d95        0x1 _build/nrf52840_xxaa/bsp.c.o
 *fill*         0x20005d96        0x2 
 .bss.m_bsp_alert_tmr_data
                0x20005d98       0x20 _build/nrf52840_xxaa/bsp.c.o
 .bss.m_bsp_button_tmr_data
                0x20005db8       0x20 _build/nrf52840_xxaa/bsp.c.o
 .bss.m_bsp_leds_tmr_data
                0x20005dd8       0x20 _build/nrf52840_xxaa/bsp.c.o
 .bss.m_events_list
                0x20005df8        0x3 _build/nrf52840_xxaa/bsp.c.o
 *fill*         0x20005dfb        0x1 
 .bss.m_indication_type
                0x20005dfc        0x4 _build/nrf52840_xxaa/bsp.c.o
 .bss.m_leds_clear
                0x20005e00        0x1 _build/nrf52840_xxaa/bsp.c.o
 *fill*         0x20005e01        0x3 
 .bss.m_registered_callback
                0x20005e04        0x4 _build/nrf52840_xxaa/bsp.c.o
 .bss.m_stable_state
                0x20005e08        0x1 _build/nrf52840_xxaa/bsp.c.o
 .bss.release_event_at_push.9168
                0x20005e09        0x1 _build/nrf52840_xxaa/bsp.c.o
 *fill*         0x20005e0a        0x2 
 .bss.m_op_queue
                0x20005e0c      0x10c _build/nrf52840_xxaa/app_timer.c.o
 .bss.m_rtc1_reset
                0x20005f18        0x1 _build/nrf52840_xxaa/app_timer.c.o
 .bss.m_rtc1_running
                0x20005f19        0x1 _build/nrf52840_xxaa/app_timer.c.o
 *fill*         0x20005f1a        0x2 
 .bss.m_ticks_elapsed
                0x20005f1c        0x8 _build/nrf52840_xxaa/app_timer.c.o
 .bss.m_ticks_elapsed_q_read_ind
                0x20005f24        0x1 _build/nrf52840_xxaa/app_timer.c.o
 .bss.m_ticks_elapsed_q_write_ind
                0x20005f25        0x1 _build/nrf52840_xxaa/app_timer.c.o
 *fill*         0x20005f26        0x2 
 .bss.m_ticks_latest
                0x20005f28        0x4 _build/nrf52840_xxaa/app_timer.c.o
 .bss.mp_timer_id_head
                0x20005f2c        0x4 _build/nrf52840_xxaa/app_timer.c.o
 .bss.m_hal_irr
                0x20005f30        0x4 C:/Users/JSE-Sendance/libraries/nRF5_SDK_15.3.0/external/nrf_cc310_bl/lib/cortex-m4/hard-float/libnrf_cc310_bl_0.9.12.a(ssi_hal.c.obj)
 *(COMMON)
 COMMON         0x20005f34        0xc _build/nrf52840_xxaa/app_util_platform.c.o
                0x20005f34                nrf_nvic_state
 COMMON         0x20005f40        0x4 _build/nrf52840_xxaa/cc310_bl_backend_init.c.o
                0x20005f40                g_cc310_mutex
 COMMON         0x20005f44      0x380 _build/nrf52840_xxaa/nrf_dfu_settings.c.o
                0x20005f44                s_dfu_settings
                0x200062c4                . = ALIGN (0x4)
                0x200062c4                __bss_end__ = .

.heap           0x200062c8     0x2000
                0x200062c8                __HeapBase = .
                0x200062c8                __end__ = .
                [!provide]                PROVIDE (end = .)
 *(.heap*)
 .heap          0x200062c8     0x2000 _build/nrf52840_xxaa/gcc_startup_nrf52840.S.o
                0x200082c8                __HeapLimit = .

.stack_dummy    0x200062c8     0x2000
 *(.stack*)
 .stack         0x200062c8     0x2000 _build/nrf52840_xxaa/gcc_startup_nrf52840.S.o
                0x20040000                __StackTop = (ORIGIN (RAM) + LENGTH (RAM))
                0x2003e000                __StackLimit = (__StackTop - SIZEOF (.stack_dummy))
                0x20040000                PROVIDE (__stack = __StackTop)
                0x00000001                ASSERT ((__StackLimit >= __HeapLimit), region RAM overflowed with stack)
                0x000000b8                DataInitFlashUsed = (__bss_start__ - __data_start__)
                0x000069b4                CodeFlashUsed = (__etext - ORIGIN (FLASH))
                0x00006a6c                TotalFlashUsed = (CodeFlashUsed + DataInitFlashUsed)
                0x00000001                ASSERT ((TotalFlashUsed <= LENGTH (FLASH)), region FLASH overflowed with .data and user data)
OUTPUT(_build/nrf52840_xxaa.out elf32-littlearm)

.ARM.attributes
                0x00000000       0x30
 .ARM.attributes
                0x00000000       0x22 c:/users/jse-sendance/libraries/arm_toolchain/7-2018-q2-update/bin/../lib/gcc/arm-none-eabi/7.3.1/thumb/v7e-m/fpv4-sp/hard/crti.o
 .ARM.attributes
                0x00000022       0x34 c:/users/jse-sendance/libraries/arm_toolchain/7-2018-q2-update/bin/../lib/gcc/arm-none-eabi/7.3.1/thumb/v7e-m/fpv4-sp/hard/crtbegin.o
 .ARM.attributes
                0x00000056       0x20 c:/users/jse-sendance/libraries/arm_toolchain/7-2018-q2-update/bin/../lib/gcc/arm-none-eabi/7.3.1/../../../../arm-none-eabi/lib/thumb/v7e-m/fpv4-sp/hard/crt0.o
 .ARM.attributes
                0x00000076       0x20 _build/nrf52840_xxaa/gcc_startup_nrf52840.S.o
 .ARM.attributes
                0x00000096       0x39 _build/nrf52840_xxaa/app_scheduler.c.o
 .ARM.attributes
                0x000000cf       0x39 _build/nrf52840_xxaa/app_util_platform.c.o
 .ARM.attributes
                0x00000108       0x39 _build/nrf52840_xxaa/crc32.c.o
 .ARM.attributes
                0x00000141       0x39 _build/nrf52840_xxaa/nrf_atfifo.c.o
 .ARM.attributes
                0x0000017a       0x39 _build/nrf52840_xxaa/nrf_atomic.c.o
 .ARM.attributes
                0x000001b3       0x39 _build/nrf52840_xxaa/nrf_balloc.c.o
 .ARM.attributes
                0x000001ec       0x39 _build/nrf52840_xxaa/nrf_fstorage.c.o
 .ARM.attributes
                0x00000225       0x39 _build/nrf52840_xxaa/nrf_fstorage_nvmc.c.o
 .ARM.attributes
                0x0000025e       0x39 _build/nrf52840_xxaa/nrf_fstorage_sd.c.o
 .ARM.attributes
                0x00000297       0x39 _build/nrf52840_xxaa/nrf_section_iter.c.o
 .ARM.attributes
                0x000002d0       0x39 _build/nrf52840_xxaa/system_nrf52840.c.o
 .ARM.attributes
                0x00000309       0x39 _build/nrf52840_xxaa/cc310_bl_backend_ecc.c.o
 .ARM.attributes
                0x00000342       0x39 _build/nrf52840_xxaa/cc310_bl_backend_ecdsa.c.o
 .ARM.attributes
                0x0000037b       0x39 _build/nrf52840_xxaa/cc310_bl_backend_hash.c.o
 .ARM.attributes
                0x000003b4       0x39 _build/nrf52840_xxaa/cc310_bl_backend_init.c.o
 .ARM.attributes
                0x000003ed       0x39 _build/nrf52840_xxaa/cc310_bl_backend_shared.c.o
 .ARM.attributes
                0x00000426       0x39 _build/nrf52840_xxaa/boards.c.o
 .ARM.attributes
                0x0000045f       0x39 _build/nrf52840_xxaa/nrf_sdh.c.o
 .ARM.attributes
                0x00000498       0x39 _build/nrf52840_xxaa/nrf_sdh_ble.c.o
 .ARM.attributes
                0x000004d1       0x39 _build/nrf52840_xxaa/nrf_sdh_soc.c.o
 .ARM.attributes
                0x0000050a       0x39 _build/nrf52840_xxaa/nrf_nvmc.c.o
 .ARM.attributes
                0x00000543       0x39 _build/nrf52840_xxaa/nrf_crypto_ecc.c.o
 .ARM.attributes
                0x0000057c       0x39 _build/nrf52840_xxaa/nrf_crypto_ecdsa.c.o
 .ARM.attributes